uart.c:93:13:reset_gnss_rx_buffer	16	static
uart.c:105:13:initialise_dma_jetson	72	static
uart.c:174:13:initialise_dma_gnss	72	static
uart.c:242:13:initialise_uart_jetson	40	static
uart.c:295:13:initialise_uart_gnss	40	static
uart.c:363:13:initialise_crc	8	static
uart.c:370:6:uart_initialise	8	static
uart.c:379:20:uart_send_to_jetson	24	static
uart.c:430:6:uart_send	16	static
uart.c:436:9:uart_receive	24	static
uart.c:455:10:CRC_calculate_8bit_datablock	24	static
uart.c:467:6:DMA1_Stream3_IRQHandler	8	static
uart.c:483:6:DMA2_Stream2_IRQHandler	8	static
