Archive member included to satisfy reference by file (symbol)

/opt/Atollic_TrueSTUDIO_for_STM32_x86_64_9.0.0/ARMTools/bin/../lib/gcc/arm-atollic-eabi/6.3.1/../../../../arm-atollic-eabi/lib/armv7e-m/fpu/libc_nano.a(lib_a-init.o)
                              src/startup_stm32f40xx.o (__libc_init_array)
/opt/Atollic_TrueSTUDIO_for_STM32_x86_64_9.0.0/ARMTools/bin/../lib/gcc/arm-atollic-eabi/6.3.1/../../../../arm-atollic-eabi/lib/armv7e-m/fpu/libc_nano.a(lib_a-strlen.o)
                              src/tiny_printf.o (strlen)
/opt/Atollic_TrueSTUDIO_for_STM32_x86_64_9.0.0/ARMTools/bin/../lib/gcc/arm-atollic-eabi/6.3.1/../../../../arm-atollic-eabi/lib/armv7e-m/fpu/libnosys.a(write.o)
                              src/tiny_printf.o (_write)
/opt/Atollic_TrueSTUDIO_for_STM32_x86_64_9.0.0/ARMTools/bin/../lib/gcc/arm-atollic-eabi/6.3.1/../../../../arm-atollic-eabi/lib/armv7e-m/fpu/libnosys.a(errno.o)
                              /opt/Atollic_TrueSTUDIO_for_STM32_x86_64_9.0.0/ARMTools/bin/../lib/gcc/arm-atollic-eabi/6.3.1/../../../../arm-atollic-eabi/lib/armv7e-m/fpu/libnosys.a(write.o) (errno)

Allocating common symbols
Common symbol       size              file

errno               0x4               /opt/Atollic_TrueSTUDIO_for_STM32_x86_64_9.0.0/ARMTools/bin/../lib/gcc/arm-atollic-eabi/6.3.1/../../../../arm-atollic-eabi/lib/armv7e-m/fpu/libnosys.a(errno.o)
GNSS_RX_BUFFER      0x64              src/main.o
GNSS_UBX_Data_Global
                    0x3c              src/main.o
GlobalDataUnion     0x84              src/main.o
GNSS_DATA_LENGTH    0x2               src/main.o

Discarded input sections

 .text          0x0000000000000000        0x0 /opt/Atollic_TrueSTUDIO_for_STM32_x86_64_9.0.0/ARMTools/bin/../lib/gcc/arm-atollic-eabi/6.3.1/armv7e-m/fpu/crti.o
 .data          0x0000000000000000        0x0 /opt/Atollic_TrueSTUDIO_for_STM32_x86_64_9.0.0/ARMTools/bin/../lib/gcc/arm-atollic-eabi/6.3.1/armv7e-m/fpu/crti.o
 .bss           0x0000000000000000        0x0 /opt/Atollic_TrueSTUDIO_for_STM32_x86_64_9.0.0/ARMTools/bin/../lib/gcc/arm-atollic-eabi/6.3.1/armv7e-m/fpu/crti.o
 .data          0x0000000000000000        0x4 /opt/Atollic_TrueSTUDIO_for_STM32_x86_64_9.0.0/ARMTools/bin/../lib/gcc/arm-atollic-eabi/6.3.1/armv7e-m/fpu/crtbegin.o
 .text          0x0000000000000000        0x0 Libraries/STM32F4xx_StdPeriph_Driver/src/misc.o
 .data          0x0000000000000000        0x0 Libraries/STM32F4xx_StdPeriph_Driver/src/misc.o
 .bss           0x0000000000000000        0x0 Libraries/STM32F4xx_StdPeriph_Driver/src/misc.o
 .text.NVIC_PriorityGroupConfig
                0x0000000000000000       0x28 Libraries/STM32F4xx_StdPeriph_Driver/src/misc.o
 .text.NVIC_SetVectorTable
                0x0000000000000000       0x2c Libraries/STM32F4xx_StdPeriph_Driver/src/misc.o
 .text.NVIC_SystemLPConfig
                0x0000000000000000       0x44 Libraries/STM32F4xx_StdPeriph_Driver/src/misc.o
 .text.SysTick_CLKSourceConfig
                0x0000000000000000       0x38 Libraries/STM32F4xx_StdPeriph_Driver/src/misc.o
 .text          0x0000000000000000        0x0 Libraries/STM32F4xx_StdPeriph_Driver/src/stm32f4xx_adc.o
 .data          0x0000000000000000        0x0 Libraries/STM32F4xx_StdPeriph_Driver/src/stm32f4xx_adc.o
 .bss           0x0000000000000000        0x0 Libraries/STM32F4xx_StdPeriph_Driver/src/stm32f4xx_adc.o
 .text.ADC_DeInit
                0x0000000000000000       0x1c Libraries/STM32F4xx_StdPeriph_Driver/src/stm32f4xx_adc.o
 .text.ADC_Init
                0x0000000000000000       0xac Libraries/STM32F4xx_StdPeriph_Driver/src/stm32f4xx_adc.o
 .text.ADC_StructInit
                0x0000000000000000       0x3e Libraries/STM32F4xx_StdPeriph_Driver/src/stm32f4xx_adc.o
 .text.ADC_CommonInit
                0x0000000000000000       0x50 Libraries/STM32F4xx_StdPeriph_Driver/src/stm32f4xx_adc.o
 .text.ADC_CommonStructInit
                0x0000000000000000       0x2c Libraries/STM32F4xx_StdPeriph_Driver/src/stm32f4xx_adc.o
 .text.ADC_Cmd  0x0000000000000000       0x38 Libraries/STM32F4xx_StdPeriph_Driver/src/stm32f4xx_adc.o
 .text.ADC_AnalogWatchdogCmd
                0x0000000000000000       0x3a Libraries/STM32F4xx_StdPeriph_Driver/src/stm32f4xx_adc.o
 .text.ADC_AnalogWatchdogThresholdsConfig
                0x0000000000000000       0x28 Libraries/STM32F4xx_StdPeriph_Driver/src/stm32f4xx_adc.o
 .text.ADC_AnalogWatchdogSingleChannelConfig
                0x0000000000000000       0x38 Libraries/STM32F4xx_StdPeriph_Driver/src/stm32f4xx_adc.o
 .text.ADC_TempSensorVrefintCmd
                0x0000000000000000       0x3c Libraries/STM32F4xx_StdPeriph_Driver/src/stm32f4xx_adc.o
 .text.ADC_VBATCmd
                0x0000000000000000       0x3c Libraries/STM32F4xx_StdPeriph_Driver/src/stm32f4xx_adc.o
 .text.ADC_RegularChannelConfig
                0x0000000000000000      0x194 Libraries/STM32F4xx_StdPeriph_Driver/src/stm32f4xx_adc.o
 .text.ADC_SoftwareStartConv
[...]
Memory Configuration

Name             Origin             Length             Attributes
FLASH            0x0000000008000000 0x0000000000100000 xr
RAM              0x0000000020000000 0x0000000000020000 xrw
MEMORY_B1        0x0000000060000000 0x0000000000000000 xr
CCMRAM           0x0000000010000000 0x0000000000010000 rw
*default*        0x0000000000000000 0xffffffffffffffff

Linker script and memory map

LOAD /opt/Atollic_TrueSTUDIO_for_STM32_x86_64_9.0.0/ARMTools/bin/../lib/gcc/arm-atollic-eabi/6.3.1/armv7e-m/fpu/crti.o
LOAD /opt/Atollic_TrueSTUDIO_for_STM32_x86_64_9.0.0/ARMTools/bin/../lib/gcc/arm-atollic-eabi/6.3.1/armv7e-m/fpu/crtbegin.o
LOAD Libraries/STM32F4xx_StdPeriph_Driver/src/misc.o
LOAD Libraries/STM32F4xx_StdPeriph_Driver/src/stm32f4xx_adc.o
LOAD Libraries/STM32F4xx_StdPeriph_Driver/src/stm32f4xx_can.o
LOAD Libraries/STM32F4xx_StdPeriph_Driver/src/stm32f4xx_crc.o
LOAD Libraries/STM32F4xx_StdPeriph_Driver/src/stm32f4xx_cryp.o
LOAD Libraries/STM32F4xx_StdPeriph_Driver/src/stm32f4xx_cryp_aes.o
LOAD Libraries/STM32F4xx_StdPeriph_Driver/src/stm32f4xx_cryp_des.o
LOAD Libraries/STM32F4xx_StdPeriph_Driver/src/stm32f4xx_cryp_tdes.o
LOAD Libraries/STM32F4xx_StdPeriph_Driver/src/stm32f4xx_dac.o
LOAD Libraries/STM32F4xx_StdPeriph_Driver/src/stm32f4xx_dbgmcu.o
LOAD Libraries/STM32F4xx_StdPeriph_Driver/src/stm32f4xx_dcmi.o
LOAD Libraries/STM32F4xx_StdPeriph_Driver/src/stm32f4xx_dma.o
LOAD Libraries/STM32F4xx_StdPeriph_Driver/src/stm32f4xx_exti.o
LOAD Libraries/STM32F4xx_StdPeriph_Driver/src/stm32f4xx_flash.o
LOAD Libraries/STM32F4xx_StdPeriph_Driver/src/stm32f4xx_fsmc.o
LOAD Libraries/STM32F4xx_StdPeriph_Driver/src/stm32f4xx_gpio.o
LOAD Libraries/STM32F4xx_StdPeriph_Driver/src/stm32f4xx_hash.o
LOAD Libraries/STM32F4xx_StdPeriph_Driver/src/stm32f4xx_hash_md5.o
LOAD Libraries/STM32F4xx_StdPeriph_Driver/src/stm32f4xx_hash_sha1.o
LOAD Libraries/STM32F4xx_StdPeriph_Driver/src/stm32f4xx_i2c.o
LOAD Libraries/STM32F4xx_StdPeriph_Driver/src/stm32f4xx_iwdg.o
LOAD Libraries/STM32F4xx_StdPeriph_Driver/src/stm32f4xx_pwr.o
LOAD Libraries/STM32F4xx_StdPeriph_Driver/src/stm32f4xx_rcc.o
LOAD Libraries/STM32F4xx_StdPeriph_Driver/src/stm32f4xx_rng.o
LOAD Libraries/STM32F4xx_StdPeriph_Driver/src/stm32f4xx_rtc.o
LOAD Libraries/STM32F4xx_StdPeriph_Driver/src/stm32f4xx_sdio.o
LOAD Libraries/STM32F4xx_StdPeriph_Driver/src/stm32f4xx_spi.o
LOAD Libraries/STM32F4xx_StdPeriph_Driver/src/stm32f4xx_syscfg.o
LOAD Libraries/STM32F4xx_StdPeriph_Driver/src/stm32f4xx_tim.o
LOAD Libraries/STM32F4xx_StdPeriph_Driver/src/stm32f4xx_usart.o
LOAD Libraries/STM32F4xx_StdPeriph_Driver/src/stm32f4xx_wwdg.o
LOAD src/main.o
LOAD src/startup_stm32f40xx.o
LOAD src/stm32f4xx_it.o
LOAD src/system_stm32f4xx.o
LOAD src/tasks/bosch_sensor_handler.o
LOAD src/tasks/gnss.o
LOAD src/tasks/interrupts.o
LOAD src/tasks/spi.o
LOAD src/tasks/uart.o
LOAD src/tiny_printf.o
                0x0000000000000080                malloc_getpagesize_P = 0x80
START GROUP
LOAD /opt/Atollic_TrueSTUDIO_for_STM32_x86_64_9.0.0/ARMTools/bin/../lib/gcc/arm-atollic-eabi/6.3.1/../../../../arm-atollic-eabi/lib/armv7e-m/fpu/libc_nano.a
LOAD /opt/Atollic_TrueSTUDIO_for_STM32_x86_64_9.0.0/ARMTools/bin/../lib/gcc/arm-atollic-eabi/6.3.1/../../../../arm-atollic-eabi/lib/armv7e-m/fpu/libm.a
END GROUP
START GROUP
LOAD /opt/Atollic_TrueSTUDIO_for_STM32_x86_64_9.0.0/ARMTools/bin/../lib/gcc/arm-atollic-eabi/6.3.1/armv7e-m/fpu/libgcc.a
LOAD /opt/Atollic_TrueSTUDIO_for_STM32_x86_64_9.0.0/ARMTools/bin/../lib/gcc/arm-atollic-eabi/6.3.1/../../../../arm-atollic-eabi/lib/armv7e-m/fpu/libc_nano.a
END GROUP
START GROUP
LOAD /opt/Atollic_TrueSTUDIO_for_STM32_x86_64_9.0.0/ARMTools/bin/../lib/gcc/arm-atollic-eabi/6.3.1/armv7e-m/fpu/libgcc.a
LOAD /opt/Atollic_TrueSTUDIO_for_STM32_x86_64_9.0.0/ARMTools/bin/../lib/gcc/arm-atollic-eabi/6.3.1/../../../../arm-atollic-eabi/lib/armv7e-m/fpu/libc_nano.a
LOAD /opt/Atollic_TrueSTUDIO_for_STM32_x86_64_9.0.0/ARMTools/bin/../lib/gcc/arm-atollic-eabi/6.3.1/../../../../arm-atollic-eabi/lib/armv7e-m/fpu/libnosys.a
END GROUP
START GROUP
LOAD /opt/Atollic_TrueSTUDIO_for_STM32_x86_64_9.0.0/ARMTools/bin/../lib/gcc/arm-atollic-eabi/6.3.1/armv7e-m/fpu/libgcc.a
LOAD /opt/Atollic_TrueSTUDIO_for_STM32_x86_64_9.0.0/ARMTools/bin/../lib/gcc/arm-atollic-eabi/6.3.1/../../../../arm-atollic-eabi/lib/armv7e-m/fpu/libc_nano.a
LOAD /opt/Atollic_TrueSTUDIO_for_STM32_x86_64_9.0.0/ARMTools/bin/../lib/gcc/arm-atollic-eabi/6.3.1/../../../../arm-atollic-eabi/lib/armv7e-m/fpu/libnosys.a
END GROUP
LOAD /opt/Atollic_TrueSTUDIO_for_STM32_x86_64_9.0.0/ARMTools/bin/../lib/gcc/arm-atollic-eabi/6.3.1/armv7e-m/fpu/crtend.o
LOAD /opt/Atollic_TrueSTUDIO_for_STM32_x86_64_9.0.0/ARMTools/bin/../lib/gcc/arm-atollic-eabi/6.3.1/armv7e-m/fpu/crtn.o
                0x0000000020020000                _estack = 0x20020000
                0x0000000000000000                _Min_Heap_Size = 0x0
                0x0000000000000400                _Min_Stack_Size = 0x400

.isr_vector     0x0000000008000000      0x188
                0x0000000008000000                . = ALIGN (0x4)
 *(.isr_vector)
 .isr_vector    0x0000000008000000      0x188 src/startup_stm32f40xx.o
                0x0000000008000000                g_pfnVectors
                0x0000000008000188                . = ALIGN (0x4)

.text           0x0000000008000188     0x2024
                0x0000000008000188                . = ALIGN (0x4)
 *(.text)
 .text          0x0000000008000188       0x40 /opt/Atollic_TrueSTUDIO_for_STM32_x86_64_9.0.0/ARMTools/bin/../lib/gcc/arm-atollic-eabi/6.3.1/armv7e-m/fpu/crtbegin.o
 *(.text*)
 .text.NVIC_Init
                0x00000000080001c8       0xc4 Libraries/STM32F4xx_StdPeriph_Driver/src/misc.o
                0x00000000080001c8                NVIC_Init
 .text.CRC_ResetDR
                0x000000000800028c       0x18 Libraries/STM32F4xx_StdPeriph_Driver/src/stm32f4xx_crc.o
                0x000000000800028c                CRC_ResetDR
 .text.DMA_DeInit
                0x00000000080002a4      0x1a8 Libraries/STM32F4xx_StdPeriph_Driver/src/stm32f4xx_dma.o
                0x00000000080002a4                DMA_DeInit
 .text.DMA_Init
                0x000000000800044c       0xb0 Libraries/STM32F4xx_StdPeriph_Driver/src/stm32f4xx_dma.o
                0x000000000800044c                DMA_Init
 .text.DMA_Cmd  0x00000000080004fc       0x38 Libraries/STM32F4xx_StdPeriph_Driver/src/stm32f4xx_dma.o
                0x00000000080004fc                DMA_Cmd
 .text.DMA_SetCurrDataCounter
                0x0000000008000534       0x1e Libraries/STM32F4xx_StdPeriph_Driver/src/stm32f4xx_dma.o
                0x0000000008000534                DMA_SetCurrDataCounter
 .text.DMA_GetCurrDataCounter
                0x0000000008000552       0x1a Libraries/STM32F4xx_StdPeriph_Driver/src/stm32f4xx_dma.o
                0x0000000008000552                DMA_GetCurrDataCounter
 .text.DMA_GetCmdStatus
                0x000000000800056c       0x30 Libraries/STM32F4xx_StdPeriph_Driver/src/stm32f4xx_dma.o
                0x000000000800056c                DMA_GetCmdStatus
 .text.DMA_GetFlagStatus
                0x000000000800059c       0x78 Libraries/STM32F4xx_StdPeriph_Driver/src/stm32f4xx_dma.o
                0x000000000800059c                DMA_GetFlagStatus
 .text.DMA_ClearFlag
                0x0000000008000614       0x5c Libraries/STM32F4xx_StdPeriph_Driver/src/stm32f4xx_dma.o
                0x0000000008000614                DMA_ClearFlag
 .text.DMA_ITConfig
                0x0000000008000670       0x74 Libraries/STM32F4xx_StdPeriph_Driver/src/stm32f4xx_dma.o
                0x0000000008000670                DMA_ITConfig
 .text.DMA_GetITStatus
                0x00000000080006e4       0xb0 Libraries/STM32F4xx_StdPeriph_Driver/src/stm32f4xx_dma.o
                0x00000000080006e4                DMA_GetITStatus
 .text.DMA_ClearITPendingBit
                0x0000000008000794       0x5c Libraries/STM32F4xx_StdPeriph_Driver/src/stm32f4xx_dma.o
                0x0000000008000794                DMA_ClearITPendingBit
 .text.EXTI_Init
                0x00000000080007f0       0xe4 Libraries/STM32F4xx_StdPeriph_Driver/src/stm32f4xx_exti.o
                0x00000000080007f0                EXTI_Init
 .text.EXTI_GetITStatus
                0x00000000080008d4       0x48 Libraries/STM32F4xx_StdPeriph_Driver/src/stm32f4xx_exti.o
                0x00000000080008d4                EXTI_GetITStatus
 .text.EXTI_ClearITPendingBit
                0x000000000800091c       0x20 Libraries/STM32F4xx_StdPeriph_Driver/src/stm32f4xx_exti.o
                0x000000000800091c                EXTI_ClearITPendingBit
 .text.GPIO_Init
                0x000000000800093c      0x11c Libraries/STM32F4xx_StdPeriph_Driver/src/stm32f4xx_gpio.o
                0x000000000800093c                GPIO_Init
 .text.GPIO_SetBits
                0x0000000008000a58       0x1e Libraries/STM32F4xx_StdPeriph_Driver/src/stm32f4xx_gpio.o
                0x0000000008000a58                GPIO_SetBits
 .text.GPIO_ResetBits
                0x0000000008000a76       0x1e Libraries/STM32F4xx_StdPeriph_Driver/src/stm32f4xx_gpio.o
                0x0000000008000a76                GPIO_ResetBits
 .text.GPIO_PinAFConfig
                0x0000000008000a94       0x92 Libraries/STM32F4xx_StdPeriph_Driver/src/stm32f4xx_gpio.o
                0x0000000008000a94                GPIO_PinAFConfig
 *fill*         0x0000000008000b26        0x2 
 .text.RCC_GetClocksFreq
                0x0000000008000b28      0x150 Libraries/STM32F4xx_StdPeriph_Driver/src/stm32f4xx_rcc.o
                0x0000000008000b28                RCC_GetClocksFreq
 .text.RCC_AHB1PeriphClockCmd
                0x0000000008000c78       0x40 Libraries/STM32F4xx_StdPeriph_Driver/src/stm32f4xx_rcc.o
                0x0000000008000c78                RCC_AHB1PeriphClockCmd
 .text.RCC_APB1PeriphClockCmd
                0x0000000008000cb8       0x40 Libraries/STM32F4xx_StdPeriph_Driver/src/stm32f4xx_rcc.o
                0x0000000008000cb8                RCC_APB1PeriphClockCmd
 .text.RCC_APB2PeriphClockCmd
                0x0000000008000cf8       0x40 Libraries/STM32F4xx_StdPeriph_Driver/src/stm32f4xx_rcc.o
                0x0000000008000cf8                RCC_APB2PeriphClockCmd
 .text.SPI_Init
                0x0000000008000d38       0x88 Libraries/STM32F4xx_StdPeriph_Driver/src/stm32f4xx_spi.o
                0x0000000008000d38                SPI_Init
 .text.SPI_Cmd  0x0000000008000dc0       0x40 Libraries/STM32F4xx_StdPeriph_Driver/src/stm32f4xx_spi.o
                0x0000000008000dc0                SPI_Cmd
 .text.SPI_I2S_ReceiveData
                0x0000000008000e00       0x1a Libraries/STM32F4xx_StdPeriph_Driver/src/stm32f4xx_spi.o
                0x0000000008000e00                SPI_I2S_ReceiveData
 .text.SPI_I2S_SendData
                0x0000000008000e1a       0x1e Libraries/STM32F4xx_StdPeriph_Driver/src/stm32f4xx_spi.o
                0x0000000008000e1a                SPI_I2S_SendData
 .text.SPI_CalculateCRC
                0x0000000008000e38       0x40 Libraries/STM32F4xx_StdPeriph_Driver/src/stm32f4xx_spi.o
                0x0000000008000e38                SPI_CalculateCRC
 .text.SPI_I2S_GetFlagStatus
                0x0000000008000e78       0x38 Libraries/STM32F4xx_StdPeriph_Driver/src/stm32f4xx_spi.o
                0x0000000008000e78                SPI_I2S_GetFlagStatus
 .text.SYSCFG_EXTILineConfig
                0x0000000008000eb0       0x84 Libraries/STM32F4xx_StdPeriph_Driver/src/stm32f4xx_syscfg.o
                0x0000000008000eb0                SYSCFG_EXTILineConfig
 .text.USART_Init
                0x0000000008000f34      0x174 Libraries/STM32F4xx_StdPeriph_Driver/src/stm32f4xx_usart.o
                0x0000000008000f34                USART_Init
 .text.USART_Cmd
                0x00000000080010a8       0x40 Libraries/STM32F4xx_StdPeriph_Driver/src/stm32f4xx_usart.o
                0x00000000080010a8                USART_Cmd
 .text.USART_DMACmd
                0x00000000080010e8       0x48 Libraries/STM32F4xx_StdPeriph_Driver/src/stm32f4xx_usart.o
                0x00000000080010e8                USART_DMACmd
 .text.main     0x0000000008001130       0x2a src/main.o
                0x0000000008001130                main
 *fill*         0x000000000800115a        0x2 
 .text.Reset_Handler
                0x000000000800115c       0x50 src/startup_stm32f40xx.o
                0x000000000800115c                Reset_Handler
 .text.Default_Handler
                0x00000000080011ac        0x2 src/startup_stm32f40xx.o
                0x00000000080011ac                RTC_Alarm_IRQHandler
                0x00000000080011ac                HASH_RNG_IRQHandler
                0x00000000080011ac                EXTI2_IRQHandler
                0x00000000080011ac                TIM8_CC_IRQHandler
                0x00000000080011ac                TIM1_CC_IRQHandler
                0x00000000080011ac                DMA2_Stream5_IRQHandler
                0x00000000080011ac                DMA1_Stream5_IRQHandler
                0x00000000080011ac                PVD_IRQHandler
                0x00000000080011ac                SDIO_IRQHandler
                0x00000000080011ac                TAMP_STAMP_IRQHandler
                0x00000000080011ac                CAN2_RX1_IRQHandler
                0x00000000080011ac                EXTI3_IRQHandler
                0x00000000080011ac                TIM8_TRG_COM_TIM14_IRQHandler
                0x00000000080011ac                TIM1_UP_TIM10_IRQHandler
                0x00000000080011ac                TIM8_UP_TIM13_IRQHandler
                0x00000000080011ac                I2C3_ER_IRQHandler
                0x00000000080011ac                EXTI0_IRQHandler
                0x00000000080011ac                I2C2_EV_IRQHandler
                0x00000000080011ac                DMA1_Stream2_IRQHandler
                0x00000000080011ac                CAN1_RX0_IRQHandler
                0x00000000080011ac                FPU_IRQHandler
                0x00000000080011ac                OTG_HS_WKUP_IRQHandler
                0x00000000080011ac                CAN2_SCE_IRQHandler
                0x00000000080011ac                SPI1_IRQHandler
                0x00000000080011ac                TIM6_DAC_IRQHandler
                0x00000000080011ac                TIM1_BRK_TIM9_IRQHandler
                0x00000000080011ac                DCMI_IRQHandler
                0x00000000080011ac                CAN2_RX0_IRQHandler
                0x00000000080011ac                DMA2_Stream3_IRQHandler
                0x00000000080011ac                USART6_IRQHandler
                0x00000000080011ac                USART3_IRQHandler
                0x00000000080011ac                CRYP_IRQHandler
                0x00000000080011ac                CAN1_RX1_IRQHandler
                0x00000000080011ac                UART5_IRQHandler
                0x00000000080011ac                DMA2_Stream0_IRQHandler
                0x00000000080011ac                TIM4_IRQHandler
                0x00000000080011ac                I2C1_EV_IRQHandler
                0x00000000080011ac                DMA1_Stream6_IRQHandler
                0x00000000080011ac                DMA1_Stream1_IRQHandler
                0x00000000080011ac                UART4_IRQHandler
                0x00000000080011ac                TIM3_IRQHandler
                0x00000000080011ac                RCC_IRQHandler
                0x00000000080011ac                TIM8_BRK_TIM12_IRQHandler
                0x00000000080011ac                Default_Handler
                0x00000000080011ac                ADC_IRQHandler
                0x00000000080011ac                DMA1_Stream7_IRQHandler
                0x00000000080011ac                TIM7_IRQHandler
                0x00000000080011ac                CAN2_TX_IRQHandler
                0x00000000080011ac                TIM5_IRQHandler
                0x00000000080011ac                DMA2_Stream7_IRQHandler
                0x00000000080011ac                I2C3_EV_IRQHandler
                0x00000000080011ac                EXTI9_5_IRQHandler
                0x00000000080011ac                RTC_WKUP_IRQHandler
                0x00000000080011ac                ETH_WKUP_IRQHandler
                0x00000000080011ac                SPI2_IRQHandler
                0x00000000080011ac                OTG_HS_EP1_IN_IRQHandler
                0x00000000080011ac                DMA1_Stream0_IRQHandler
                0x00000000080011ac                CAN1_TX_IRQHandler
                0x00000000080011ac                EXTI4_IRQHandler
                0x00000000080011ac                FSMC_IRQHandler
                0x00000000080011ac                ETH_IRQHandler
                0x00000000080011ac                OTG_HS_EP1_OUT_IRQHandler
                0x00000000080011ac                WWDG_IRQHandler
                0x00000000080011ac                TIM2_IRQHandler
                0x00000000080011ac                OTG_FS_WKUP_IRQHandler
                0x00000000080011ac                TIM1_TRG_COM_TIM11_IRQHandler
                0x00000000080011ac                OTG_HS_IRQHandler
                0x00000000080011ac                EXTI1_IRQHandler
                0x00000000080011ac                USART2_IRQHandler
                0x00000000080011ac                I2C2_ER_IRQHandler
                0x00000000080011ac                DMA2_Stream1_IRQHandler
                0x00000000080011ac                CAN1_SCE_IRQHandler
                0x00000000080011ac                FLASH_IRQHandler
                0x00000000080011ac                DMA2_Stream4_IRQHandler
                0x00000000080011ac                USART1_IRQHandler
                0x00000000080011ac                OTG_FS_IRQHandler
                0x00000000080011ac                SPI3_IRQHandler
                0x00000000080011ac                DMA1_Stream4_IRQHandler
                0x00000000080011ac                I2C1_ER_IRQHandler
                0x00000000080011ac                DMA2_Stream6_IRQHandler
 .text.NMI_Handler
                0x00000000080011ae        0xe src/stm32f4xx_it.o
                0x00000000080011ae                NMI_Handler
 .text.HardFault_Handler
                0x00000000080011bc        0x6 src/stm32f4xx_it.o
                0x00000000080011bc                HardFault_Handler
 .text.MemManage_Handler
                0x00000000080011c2        0x6 src/stm32f4xx_it.o
                0x00000000080011c2                MemManage_Handler
 .text.BusFault_Handler
                0x00000000080011c8        0x6 src/stm32f4xx_it.o
                0x00000000080011c8                BusFault_Handler
 .text.UsageFault_Handler
                0x00000000080011ce        0x6 src/stm32f4xx_it.o
                0x00000000080011ce                UsageFault_Handler
 .text.SVC_Handler
                0x00000000080011d4        0xe src/stm32f4xx_it.o
                0x00000000080011d4                SVC_Handler
 .text.DebugMon_Handler
                0x00000000080011e2        0xe src/stm32f4xx_it.o
                0x00000000080011e2                DebugMon_Handler
 .text.PendSV_Handler
                0x00000000080011f0        0xe src/stm32f4xx_it.o
                0x00000000080011f0                PendSV_Handler
 .text.SysTick_Handler
                0x00000000080011fe        0xe src/stm32f4xx_it.o
                0x00000000080011fe                SysTick_Handler
 .text.SystemInit
                0x000000000800120c       0x6c src/system_stm32f4xx.o
                0x000000000800120c                SystemInit
 .text.SetSysClock
                0x0000000008001278       0xf8 src/system_stm32f4xx.o
 .text.sensor_mag_power_control
                0x0000000008001370       0x2e src/tasks/bosch_sensor_handler.o
 .text.bmp280_config
                0x000000000800139e       0x2a src/tasks/bosch_sensor_handler.o
 .text.bmx055_config
                0x00000000080013c8       0xc8 src/tasks/bosch_sensor_handler.o
 .text.sensor_check_id
                0x0000000008001490       0x6e src/tasks/bosch_sensor_handler.o
                0x0000000008001490                sensor_check_id
 .text.sensor_config
                0x00000000080014fe       0x46 src/tasks/bosch_sensor_handler.o
                0x00000000080014fe                sensor_config
 .text.sensor_read_acc
                0x0000000008001544       0x22 src/tasks/bosch_sensor_handler.o
                0x0000000008001544                sensor_read_acc
 .text.sensor_read_gyro
                0x0000000008001566       0x22 src/tasks/bosch_sensor_handler.o
                0x0000000008001566                sensor_read_gyro
 .text.sensor_read_mag
                0x0000000008001588       0x34 src/tasks/bosch_sensor_handler.o
                0x0000000008001588                sensor_read_mag
 .text.sensor_read_baro
                0x00000000080015bc       0x26 src/tasks/bosch_sensor_handler.o
                0x00000000080015bc                sensor_read_baro
 *fill*         0x00000000080015e2        0x2 
 .text.sensor_read_all
                0x00000000080015e4      0x13c src/tasks/bosch_sensor_handler.o
                0x00000000080015e4                sensor_read_all
 .text.gnss_ubx_checksum
                0x0000000008001720       0x70 src/tasks/gnss.o
 .text.gnss_read_new_data
                0x0000000008001790       0x50 src/tasks/gnss.o
                0x0000000008001790                gnss_read_new_data
 .text.exti_initialise
                0x00000000080017e0       0x84 src/tasks/interrupts.o
                0x00000000080017e0                exti_initialise
 .text.EXTI15_10_IRQHandler
                0x0000000008001864       0x2c src/tasks/interrupts.o
                0x0000000008001864                EXTI15_10_IRQHandler
 .text.cs_deselect
                0x0000000008001890       0x64 src/tasks/spi.o
 .text.cs_select
                0x00000000080018f4       0x64 src/tasks/spi.o
 .text.stm32_spi_rw
                0x0000000008001958       0x3c src/tasks/spi.o
 .text.spi_tx   0x0000000008001994       0x1a src/tasks/spi.o
 .text.spi_rx   0x00000000080019ae       0x10 src/tasks/spi.o
 *fill*         0x00000000080019be        0x2 
 .text.spi_initialise
                0x00000000080019c0      0x168 src/tasks/spi.o
                0x00000000080019c0                spi_initialise
 .text.spi_read_single
                0x0000000008001b28       0x42 src/tasks/spi.o
                0x0000000008001b28                spi_read_single
 .text.spi_write_single
                0x0000000008001b6a       0x60 src/tasks/spi.o
                0x0000000008001b6a                spi_write_single
 .text.spi_read_burst
                0x0000000008001bca       0x66 src/tasks/spi.o
                0x0000000008001bca                spi_read_burst
 .text.reset_gnss_rx_buffer
                0x0000000008001c30       0x34 src/tasks/uart.o
 .text.initialise_dma_jetson
                0x0000000008001c64       0xe4 src/tasks/uart.o
 .text.initialise_dma_gnss
                0x0000000008001d48      0x108 src/tasks/uart.o
 .text.initialise_uart_jetson
                0x0000000008001e50       0xa4 src/tasks/uart.o
 .text.initialise_uart_gnss
                0x0000000008001ef4       0xa0 src/tasks/uart.o
 .text.initialise_crc
                0x0000000008001f94       0x1c src/tasks/uart.o
 .text.uart_initialise
                0x0000000008001fb0       0x14 src/tasks/uart.o
                0x0000000008001fb0                uart_initialise
 .text.uart_send_to_jetson
                0x0000000008001fc4       0xc4 src/tasks/uart.o
                0x0000000008001fc4                uart_send_to_jetson
 .text.CRC_calculate_8bit_datablock
                0x0000000008002088       0x44 src/tasks/uart.o
                0x0000000008002088                CRC_calculate_8bit_datablock
 .text.DMA1_Stream3_IRQHandler
                0x00000000080020cc       0x3c src/tasks/uart.o
                0x00000000080020cc                DMA1_Stream3_IRQHandler
 .text.DMA2_Stream2_IRQHandler
                0x0000000008002108       0x44 src/tasks/uart.o
                0x0000000008002108                DMA2_Stream2_IRQHandler
 .text.__libc_init_array
                0x000000000800214c       0x48 /opt/Atollic_TrueSTUDIO_for_STM32_x86_64_9.0.0/ARMTools/bin/../lib/gcc/arm-atollic-eabi/6.3.1/../../../../arm-atollic-eabi/lib/armv7e-m/fpu/libc_nano.a(lib_a-init.o)
                0x000000000800214c                __libc_init_array
 *(.glue_7)
 .glue_7        0x0000000008002194        0x0 linker stubs
 *(.glue_7t)
 .glue_7t       0x0000000008002194        0x0 linker stubs
 *(.eh_frame)
 .eh_frame      0x0000000008002194        0x0 /opt/Atollic_TrueSTUDIO_for_STM32_x86_64_9.0.0/ARMTools/bin/../lib/gcc/arm-atollic-eabi/6.3.1/armv7e-m/fpu/crtbegin.o
 *(.init)
 .init          0x0000000008002194        0x4 /opt/Atollic_TrueSTUDIO_for_STM32_x86_64_9.0.0/ARMTools/bin/../lib/gcc/arm-atollic-eabi/6.3.1/armv7e-m/fpu/crti.o
                0x0000000008002194                _init
 .init          0x0000000008002198        0x8 /opt/Atollic_TrueSTUDIO_for_STM32_x86_64_9.0.0/ARMTools/bin/../lib/gcc/arm-atollic-eabi/6.3.1/armv7e-m/fpu/crtn.o
 *(.fini)
 .fini          0x00000000080021a0        0x4 /opt/Atollic_TrueSTUDIO_for_STM32_x86_64_9.0.0/ARMTools/bin/../lib/gcc/arm-atollic-eabi/6.3.1/armv7e-m/fpu/crti.o
                0x00000000080021a0                _fini
 .fini          0x00000000080021a4        0x8 /opt/Atollic_TrueSTUDIO_for_STM32_x86_64_9.0.0/ARMTools/bin/../lib/gcc/arm-atollic-eabi/6.3.1/armv7e-m/fpu/crtn.o
                0x00000000080021ac                . = ALIGN (0x4)
                0x00000000080021ac                _etext = .

.vfp11_veneer   0x00000000080021ac        0x0
 .vfp11_veneer  0x00000000080021ac        0x0 linker stubs

.v4_bx          0x00000000080021ac        0x0
 .v4_bx         0x00000000080021ac        0x0 linker stubs

.iplt           0x00000000080021ac        0x0
 .iplt          0x00000000080021ac        0x0 /opt/Atollic_TrueSTUDIO_for_STM32_x86_64_9.0.0/ARMTools/bin/../lib/gcc/arm-atollic-eabi/6.3.1/armv7e-m/fpu/crtbegin.o

.rel.dyn        0x00000000080021ac        0x0
 .rel.iplt      0x00000000080021ac        0x0 /opt/Atollic_TrueSTUDIO_for_STM32_x86_64_9.0.0/ARMTools/bin/../lib/gcc/arm-atollic-eabi/6.3.1/armv7e-m/fpu/crtbegin.o

.rodata         0x00000000080021ac        0x0
                0x00000000080021ac                . = ALIGN (0x4)
 *(.rodata)
 *(.rodata*)
                0x00000000080021ac                . = ALIGN (0x4)

.ARM.extab
 *(.ARM.extab* .gnu.linkonce.armextab.*)

.ARM            0x00000000080021ac        0x0
                0x00000000080021ac                __exidx_start = .
 *(.ARM.exidx*)
                0x00000000080021ac                __exidx_end = .

.preinit_array  0x00000000080021ac        0x0
                0x00000000080021ac                PROVIDE (__preinit_array_start, .)
 *(.preinit_array*)
                0x00000000080021ac                PROVIDE (__preinit_array_end, .)

.init_array     0x00000000080021ac        0x4
                0x00000000080021ac                PROVIDE (__init_array_start, .)
 *(SORT(.init_array.*))
 *(.init_array*)
 .init_array    0x00000000080021ac        0x4 /opt/Atollic_TrueSTUDIO_for_STM32_x86_64_9.0.0/ARMTools/bin/../lib/gcc/arm-atollic-eabi/6.3.1/armv7e-m/fpu/crtbegin.o
                0x00000000080021b0                PROVIDE (__init_array_end, .)

.fini_array     0x00000000080021b0        0x4
                [!provide]                        PROVIDE (__fini_array_start, .)
 *(SORT(.fini_array.*))
 *(.fini_array*)
 .fini_array    0x00000000080021b0        0x4 /opt/Atollic_TrueSTUDIO_for_STM32_x86_64_9.0.0/ARMTools/bin/../lib/gcc/arm-atollic-eabi/6.3.1/armv7e-m/fpu/crtbegin.o
                [!provide]                        PROVIDE (__fini_array_end, .)
                0x00000000080021b4                _sidata = LOADADDR (.data)

.data           0x0000000020000000       0x10 load address 0x00000000080021b4
                0x0000000020000000                . = ALIGN (0x4)
                0x0000000020000000                _sdata = .
 *(.data)
 *(.data*)
 .data.APBAHBPrescTable
                0x0000000020000000       0x10 Libraries/STM32F4xx_StdPeriph_Driver/src/stm32f4xx_rcc.o
                0x0000000020000010                . = ALIGN (0x4)
                0x0000000020000010                _edata = .
                0x00000000080021c4                _siccmram = LOADADDR (.ccmram)

.igot.plt       0x0000000020000010        0x0 load address 0x00000000080021c4
 .igot.plt      0x0000000020000010        0x0 /opt/Atollic_TrueSTUDIO_for_STM32_x86_64_9.0.0/ARMTools/bin/../lib/gcc/arm-atollic-eabi/6.3.1/armv7e-m/fpu/crtbegin.o

.ccmram         0x0000000010000000        0x0 load address 0x00000000080021c4
                0x0000000010000000                . = ALIGN (0x4)
                0x0000000010000000                _sccmram = .
 *(.ccmram)
 *(.ccmram*)
                0x0000000010000000                . = ALIGN (0x4)
                0x0000000010000000                _eccmram = .
                0x0000000010000000                . = ALIGN (0x4)

.bss            0x0000000020000010      0x144
                0x0000000020000010                _sbss = .
                0x0000000020000010                __bss_start__ = _sbss
 *(.bss)
 .bss           0x0000000020000010       0x1c /opt/Atollic_TrueSTUDIO_for_STM32_x86_64_9.0.0/ARMTools/bin/../lib/gcc/arm-atollic-eabi/6.3.1/armv7e-m/fpu/crtbegin.o
 *(.bss*)
 *(COMMON)
 COMMON         0x000000002000002c      0x126 src/main.o
                0x000000002000002c                GNSS_RX_BUFFER
                0x0000000020000090                GNSS_UBX_Data_Global
                0x00000000200000cc                GlobalDataUnion
                0x0000000020000150                GNSS_DATA_LENGTH
                0x0000000020000154                . = ALIGN (0x4)
 *fill*         0x0000000020000152        0x2 
                0x0000000020000154                _ebss = .
                0x0000000020000154                __bss_end__ = _ebss

._user_heap_stack
                0x0000000020000154      0x400
                0x0000000020000154                . = ALIGN (0x4)
                [!provide]                        PROVIDE (end, .)
                [!provide]                        PROVIDE (_end, .)
                0x0000000020000154                . = (. + _Min_Heap_Size)
                0x0000000020000554                . = (. + _Min_Stack_Size)
 *fill*         0x0000000020000154      0x400 
                0x0000000020000554                . = ALIGN (0x4)

.memory_b1_text
 *(.mb1text)
 *(.mb1text*)
 *(.mb1rodata)
 *(.mb1rodata*)

/DISCARD/
 libc.a(*)
 libm.a(*)
 libgcc.a(*)

.ARM.attributes
                0x0000000000000000       0x30
 *(.ARM.attributes)
 .ARM.attributes
                0x0000000000000000       0x22 /opt/Atollic_TrueSTUDIO_for_STM32_x86_64_9.0.0/ARMTools/bin/../lib/gcc/arm-atollic-eabi/6.3.1/armv7e-m/fpu/crti.o
 .ARM.attributes
                0x0000000000000022       0x34 /opt/Atollic_TrueSTUDIO_for_STM32_x86_64_9.0.0/ARMTools/bin/../lib/gcc/arm-atollic-eabi/6.3.1/armv7e-m/fpu/crtbegin.o
 .ARM.attributes
                0x0000000000000056       0x39 Libraries/STM32F4xx_StdPeriph_Driver/src/misc.o
 .ARM.attributes
                0x000000000000008f       0x39 Libraries/STM32F4xx_StdPeriph_Driver/src/stm32f4xx_crc.o
 .ARM.attributes
                0x00000000000000c8       0x39 Libraries/STM32F4xx_StdPeriph_Driver/src/stm32f4xx_dma.o
 .ARM.attributes
                0x0000000000000101       0x39 Libraries/STM32F4xx_StdPeriph_Driver/src/stm32f4xx_exti.o
 .ARM.attributes
                0x000000000000013a       0x39 Libraries/STM32F4xx_StdPeriph_Driver/src/stm32f4xx_gpio.o
 .ARM.attributes
                0x0000000000000173       0x39 Libraries/STM32F4xx_StdPeriph_Driver/src/stm32f4xx_rcc.o
 .ARM.attributes
                0x00000000000001ac       0x39 Libraries/STM32F4xx_StdPeriph_Driver/src/stm32f4xx_spi.o
 .ARM.attributes
                0x00000000000001e5       0x39 Libraries/STM32F4xx_StdPeriph_Driver/src/stm32f4xx_syscfg.o
 .ARM.attributes
                0x000000000000021e       0x39 Libraries/STM32F4xx_StdPeriph_Driver/src/stm32f4xx_usart.o
 .ARM.attributes
                0x0000000000000257       0x39 src/main.o
 .ARM.attributes
                0x0000000000000290       0x21 src/startup_stm32f40xx.o
 .ARM.attributes
                0x00000000000002b1       0x39 src/stm32f4xx_it.o
 .ARM.attributes
                0x00000000000002ea       0x39 src/system_stm32f4xx.o
 .ARM.attributes
                0x0000000000000323       0x39 src/tasks/bosch_sensor_handler.o
 .ARM.attributes
                0x000000000000035c       0x39 src/tasks/gnss.o
 .ARM.attributes
                0x0000000000000395       0x39 src/tasks/interrupts.o
 .ARM.attributes
                0x00000000000003ce       0x39 src/tasks/spi.o
 .ARM.attributes
                0x0000000000000407       0x39 src/tasks/uart.o
 .ARM.attributes
                0x0000000000000440       0x34 /opt/Atollic_TrueSTUDIO_for_STM32_x86_64_9.0.0/ARMTools/bin/../lib/gcc/arm-atollic-eabi/6.3.1/../../../../arm-atollic-eabi/lib/armv7e-m/fpu/libc_nano.a(lib_a-init.o)
 .ARM.attributes
                0x0000000000000474       0x22 /opt/Atollic_TrueSTUDIO_for_STM32_x86_64_9.0.0/ARMTools/bin/../lib/gcc/arm-atollic-eabi/6.3.1/armv7e-m/fpu/crtn.o
OUTPUT(DIMA_SensorBoard_Firmware.elf elf32-littlearm)

.debug_info     0x0000000000000000     0x743b
 .debug_info    0x0000000000000000      0x54d Libraries/STM32F4xx_StdPeriph_Driver/src/misc.o
 .debug_info    0x000000000000054d      0x217 Libraries/STM32F4xx_StdPeriph_Driver/src/stm32f4xx_crc.o
 .debug_info    0x0000000000000764      0x74c Libraries/STM32F4xx_StdPeriph_Driver/src/stm32f4xx_dma.o
 .debug_info    0x0000000000000eb0      0x366 Libraries/STM32F4xx_StdPeriph_Driver/src/stm32f4xx_exti.o
 .debug_info    0x0000000000001216      0x628 Libraries/STM32F4xx_StdPeriph_Driver/src/stm32f4xx_gpio.o
 .debug_info    0x000000000000183e      0xc98 Libraries/STM32F4xx_StdPeriph_Driver/src/stm32f4xx_rcc.o
 .debug_info    0x00000000000024d6      0xb1a Libraries/STM32F4xx_StdPeriph_Driver/src/stm32f4xx_spi.o
 .debug_info    0x0000000000002ff0      0x283 Libraries/STM32F4xx_StdPeriph_Driver/src/stm32f4xx_syscfg.o
 .debug_info    0x0000000000003273      0x9d5 Libraries/STM32F4xx_StdPeriph_Driver/src/stm32f4xx_usart.o
 .debug_info    0x0000000000003c48      0x42f src/main.o
 .debug_info    0x0000000000004077       0x9f src/startup_stm32f40xx.o
 .debug_info    0x0000000000004116      0x154 src/stm32f4xx_it.o
 .debug_info    0x000000000000426a      0x5dd src/system_stm32f4xx.o
 .debug_info    0x0000000000004847      0x5e3 src/tasks/bosch_sensor_handler.o
 .debug_info    0x0000000000004e2a      0x492 src/tasks/gnss.o
 .debug_info    0x00000000000052bc      0x93c src/tasks/interrupts.o
 .debug_info    0x0000000000005bf8      0x877 src/tasks/spi.o
 .debug_info    0x000000000000646f      0xfcc src/tasks/uart.o

.debug_abbrev   0x0000000000000000     0x19f6
 .debug_abbrev  0x0000000000000000      0x172 Libraries/STM32F4xx_StdPeriph_Driver/src/misc.o
 .debug_abbrev  0x0000000000000172      0x127 Libraries/STM32F4xx_StdPeriph_Driver/src/stm32f4xx_crc.o
 .debug_abbrev  0x0000000000000299      0x168 Libraries/STM32F4xx_StdPeriph_Driver/src/stm32f4xx_dma.o
 .debug_abbrev  0x0000000000000401      0x1bc Libraries/STM32F4xx_StdPeriph_Driver/src/stm32f4xx_exti.o
 .debug_abbrev  0x00000000000005bd      0x1b8 Libraries/STM32F4xx_StdPeriph_Driver/src/stm32f4xx_gpio.o
 .debug_abbrev  0x0000000000000775      0x1f8 Libraries/STM32F4xx_StdPeriph_Driver/src/stm32f4xx_rcc.o
 .debug_abbrev  0x000000000000096d      0x17a Libraries/STM32F4xx_StdPeriph_Driver/src/stm32f4xx_spi.o
 .debug_abbrev  0x0000000000000ae7      0x146 Libraries/STM32F4xx_StdPeriph_Driver/src/stm32f4xx_syscfg.o
 .debug_abbrev  0x0000000000000c2d      0x182 Libraries/STM32F4xx_StdPeriph_Driver/src/stm32f4xx_usart.o
 .debug_abbrev  0x0000000000000daf      0x10b src/main.o
 .debug_abbrev  0x0000000000000eba       0x12 src/startup_stm32f40xx.o
 .debug_abbrev  0x0000000000000ecc       0x78 src/stm32f4xx_it.o
 .debug_abbrev  0x0000000000000f44      0x158 src/system_stm32f4xx.o
 .debug_abbrev  0x000000000000109c      0x1bf src/tasks/bosch_sensor_handler.o
 .debug_abbrev  0x000000000000125b      0x13b src/tasks/gnss.o
 .debug_abbrev  0x0000000000001396      0x196 src/tasks/interrupts.o
 .debug_abbrev  0x000000000000152c      0x214 src/tasks/spi.o
 .debug_abbrev  0x0000000000001740      0x2b6 src/tasks/uart.o

.debug_aranges  0x0000000000000000      0x830
 .debug_aranges
                0x0000000000000000       0x40 Libraries/STM32F4xx_StdPeriph_Driver/src/misc.o
 .debug_aranges
                0x0000000000000040       0x48 Libraries/STM32F4xx_StdPeriph_Driver/src/stm32f4xx_crc.o
 .debug_aranges
                0x0000000000000088       0xb0 Libraries/STM32F4xx_StdPeriph_Driver/src/stm32f4xx_dma.o
 .debug_aranges
                0x0000000000000138       0x58 Libraries/STM32F4xx_StdPeriph_Driver/src/stm32f4xx_exti.o
 .debug_aranges
                0x0000000000000190       0x88 Libraries/STM32F4xx_StdPeriph_Driver/src/stm32f4xx_gpio.o
 .debug_aranges
                0x0000000000000218      0x180 Libraries/STM32F4xx_StdPeriph_Driver/src/stm32f4xx_rcc.o
 .debug_aranges
                0x0000000000000398       0xe0 Libraries/STM32F4xx_StdPeriph_Driver/src/stm32f4xx_spi.o
 .debug_aranges
                0x0000000000000478       0x48 Libraries/STM32F4xx_StdPeriph_Driver/src/stm32f4xx_syscfg.o
 .debug_aranges
                0x00000000000004c0      0x100 Libraries/STM32F4xx_StdPeriph_Driver/src/stm32f4xx_usart.o
 .debug_aranges
                0x00000000000005c0       0x20 src/main.o
 .debug_aranges
                0x00000000000005e0       0x28 src/startup_stm32f40xx.o
 .debug_aranges
                0x0000000000000608       0x60 src/stm32f4xx_it.o
 .debug_aranges
                0x0000000000000668       0x30 src/system_stm32f4xx.o
 .debug_aranges
                0x0000000000000698       0x68 src/tasks/bosch_sensor_handler.o
 .debug_aranges
                0x0000000000000700       0x28 src/tasks/gnss.o
 .debug_aranges
                0x0000000000000728       0x28 src/tasks/interrupts.o
 .debug_aranges
                0x0000000000000750       0x60 src/tasks/spi.o
 .debug_aranges
                0x00000000000007b0       0x80 src/tasks/uart.o

.debug_ranges   0x0000000000000000      0x718
 .debug_ranges  0x0000000000000000       0x30 Libraries/STM32F4xx_StdPeriph_Driver/src/misc.o
 .debug_ranges  0x0000000000000030       0x38 Libraries/STM32F4xx_StdPeriph_Driver/src/stm32f4xx_crc.o
 .debug_ranges  0x0000000000000068       0xa0 Libraries/STM32F4xx_StdPeriph_Driver/src/stm32f4xx_dma.o
 .debug_ranges  0x0000000000000108       0x48 Libraries/STM32F4xx_StdPeriph_Driver/src/stm32f4xx_exti.o
 .debug_ranges  0x0000000000000150       0x78 Libraries/STM32F4xx_StdPeriph_Driver/src/stm32f4xx_gpio.o
 .debug_ranges  0x00000000000001c8      0x170 Libraries/STM32F4xx_StdPeriph_Driver/src/stm32f4xx_rcc.o
 .debug_ranges  0x0000000000000338       0xd0 Libraries/STM32F4xx_StdPeriph_Driver/src/stm32f4xx_spi.o
 .debug_ranges  0x0000000000000408       0x38 Libraries/STM32F4xx_StdPeriph_Driver/src/stm32f4xx_syscfg.o
 .debug_ranges  0x0000000000000440       0xf0 Libraries/STM32F4xx_StdPeriph_Driver/src/stm32f4xx_usart.o
 .debug_ranges  0x0000000000000530       0x10 src/main.o
 .debug_ranges  0x0000000000000540       0x20 src/startup_stm32f40xx.o
 .debug_ranges  0x0000000000000560       0x50 src/stm32f4xx_it.o
 .debug_ranges  0x00000000000005b0       0x20 src/system_stm32f4xx.o
 .debug_ranges  0x00000000000005d0       0x58 src/tasks/bosch_sensor_handler.o
 .debug_ranges  0x0000000000000628       0x18 src/tasks/gnss.o
 .debug_ranges  0x0000000000000640       0x18 src/tasks/interrupts.o
 .debug_ranges  0x0000000000000658       0x50 src/tasks/spi.o
 .debug_ranges  0x00000000000006a8       0x70 src/tasks/uart.o

.debug_line     0x0000000000000000     0x333f
 .debug_line    0x0000000000000000      0x23d Libraries/STM32F4xx_StdPeriph_Driver/src/misc.o
 .debug_line    0x000000000000023d      0x21e Libraries/STM32F4xx_StdPeriph_Driver/src/stm32f4xx_crc.o
 .debug_line    0x000000000000045b      0x429 Libraries/STM32F4xx_StdPeriph_Driver/src/stm32f4xx_dma.o
 .debug_line    0x0000000000000884      0x2a0 Libraries/STM32F4xx_StdPeriph_Driver/src/stm32f4xx_exti.o
 .debug_line    0x0000000000000b24      0x35f Libraries/STM32F4xx_StdPeriph_Driver/src/stm32f4xx_gpio.o
 .debug_line    0x0000000000000e83      0x5b7 Libraries/STM32F4xx_StdPeriph_Driver/src/stm32f4xx_rcc.o
 .debug_line    0x000000000000143a      0x46f Libraries/STM32F4xx_StdPeriph_Driver/src/stm32f4xx_spi.o
 .debug_line    0x00000000000018a9      0x218 Libraries/STM32F4xx_StdPeriph_Driver/src/stm32f4xx_syscfg.o
 .debug_line    0x0000000000001ac1      0x4c9 Libraries/STM32F4xx_StdPeriph_Driver/src/stm32f4xx_usart.o
 .debug_line    0x0000000000001f8a      0x1ae src/main.o
 .debug_line    0x0000000000002138       0x7a src/startup_stm32f40xx.o
 .debug_line    0x00000000000021b2      0x211 src/stm32f4xx_it.o
 .debug_line    0x00000000000023c3      0x203 src/system_stm32f4xx.o
 .debug_line    0x00000000000025c6      0x2a0 src/tasks/bosch_sensor_handler.o
 .debug_line    0x0000000000002866      0x1dc src/tasks/gnss.o
 .debug_line    0x0000000000002a42      0x22f src/tasks/interrupts.o
 .debug_line    0x0000000000002c71      0x2eb src/tasks/spi.o
 .debug_line    0x0000000000002f5c      0x3e3 src/tasks/uart.o

.debug_str      0x0000000000000000     0x2b2b
 .debug_str     0x0000000000000000      0x42e Libraries/STM32F4xx_StdPeriph_Driver/src/misc.o
                                        0x47b (size before relaxing)
 .debug_str     0x000000000000042e       0xd8 Libraries/STM32F4xx_StdPeriph_Driver/src/stm32f4xx_crc.o
                                        0x2f8 (size before relaxing)
 .debug_str     0x0000000000000506      0x39b Libraries/STM32F4xx_StdPeriph_Driver/src/stm32f4xx_dma.o
                                        0x5ef (size before relaxing)
 .debug_str     0x00000000000008a1      0x1c0 Libraries/STM32F4xx_StdPeriph_Driver/src/stm32f4xx_exti.o
                                        0x406 (size before relaxing)
 .debug_str     0x0000000000000a61      0x315 Libraries/STM32F4xx_StdPeriph_Driver/src/stm32f4xx_gpio.o
                                        0x550 (size before relaxing)
 .debug_str     0x0000000000000d76      0x655 Libraries/STM32F4xx_StdPeriph_Driver/src/stm32f4xx_rcc.o
                                        0x926 (size before relaxing)
 .debug_str     0x00000000000013cb      0x3a7 Libraries/STM32F4xx_StdPeriph_Driver/src/stm32f4xx_spi.o
                                        0x737 (size before relaxing)
 .debug_str     0x0000000000001772      0x156 Libraries/STM32F4xx_StdPeriph_Driver/src/stm32f4xx_syscfg.o
                                        0x3a1 (size before relaxing)
 .debug_str     0x00000000000018c8      0x423 Libraries/STM32F4xx_StdPeriph_Driver/src/stm32f4xx_usart.o
                                        0x73c (size before relaxing)
 .debug_str     0x0000000000001ceb      0x2b7 src/main.o
                                        0x4da (size before relaxing)
 .debug_str     0x0000000000001fa2       0xa6 src/stm32f4xx_it.o
                                        0x29c (size before relaxing)
 .debug_str     0x0000000000002048       0x8f src/system_stm32f4xx.o
                                        0x42f (size before relaxing)
 .debug_str     0x00000000000020d7      0x1b6 src/tasks/bosch_sensor_handler.o
                                        0x5e3 (size before relaxing)
 .debug_str     0x000000000000228d       0x89 src/tasks/gnss.o
                                        0x4e1 (size before relaxing)
 .debug_str     0x0000000000002316      0x5c7 src/tasks/interrupts.o
                                        0xd06 (size before relaxing)
 .debug_str     0x00000000000028dd       0xc9 src/tasks/spi.o
                                        0x7d6 (size before relaxing)
 .debug_str     0x00000000000029a6      0x185 src/tasks/uart.o
                                       0x10d2 (size before relaxing)

.comment        0x0000000000000000       0x7c
 .comment       0x0000000000000000       0x7c Libraries/STM32F4xx_StdPeriph_Driver/src/misc.o
                                         0x7d (size before relaxing)
 .comment       0x000000000000007c       0x7d Libraries/STM32F4xx_StdPeriph_Driver/src/stm32f4xx_crc.o
 .comment       0x000000000000007c       0x7d Libraries/STM32F4xx_StdPeriph_Driver/src/stm32f4xx_dma.o
 .comment       0x000000000000007c       0x7d Libraries/STM32F4xx_StdPeriph_Driver/src/stm32f4xx_exti.o
 .comment       0x000000000000007c       0x7d Libraries/STM32F4xx_StdPeriph_Driver/src/stm32f4xx_gpio.o
 .comment       0x000000000000007c       0x7d Libraries/STM32F4xx_StdPeriph_Driver/src/stm32f4xx_rcc.o
 .comment       0x000000000000007c       0x7d Libraries/STM32F4xx_StdPeriph_Driver/src/stm32f4xx_spi.o
 .comment       0x000000000000007c       0x7d Libraries/STM32F4xx_StdPeriph_Driver/src/stm32f4xx_syscfg.o
 .comment       0x000000000000007c       0x7d Libraries/STM32F4xx_StdPeriph_Driver/src/stm32f4xx_usart.o
 .comment       0x000000000000007c       0x7d src/main.o
 .comment       0x000000000000007c       0x7d src/stm32f4xx_it.o
 .comment       0x000000000000007c       0x7d src/system_stm32f4xx.o
 .comment       0x000000000000007c       0x7d src/tasks/bosch_sensor_handler.o
 .comment       0x000000000000007c       0x7d src/tasks/gnss.o
 .comment       0x000000000000007c       0x7d src/tasks/interrupts.o
 .comment       0x000000000000007c       0x7d src/tasks/spi.o
 .comment       0x000000000000007c       0x7d src/tasks/uart.o

.debug_frame    0x0000000000000000     0x1fec
 .debug_frame   0x0000000000000000       0xd8 Libraries/STM32F4xx_StdPeriph_Driver/src/misc.o
 .debug_frame   0x00000000000000d8       0xe8 Libraries/STM32F4xx_StdPeriph_Driver/src/stm32f4xx_crc.o
 .debug_frame   0x00000000000001c0      0x308 Libraries/STM32F4xx_StdPeriph_Driver/src/stm32f4xx_dma.o
 .debug_frame   0x00000000000004c8      0x148 Libraries/STM32F4xx_StdPeriph_Driver/src/stm32f4xx_exti.o
 .debug_frame   0x0000000000000610      0x23c Libraries/STM32F4xx_StdPeriph_Driver/src/stm32f4xx_gpio.o
 .debug_frame   0x000000000000084c      0x6fc Libraries/STM32F4xx_StdPeriph_Driver/src/stm32f4xx_rcc.o
 .debug_frame   0x0000000000000f48      0x3f4 Libraries/STM32F4xx_StdPeriph_Driver/src/stm32f4xx_spi.o
 .debug_frame   0x000000000000133c       0xf4 Libraries/STM32F4xx_StdPeriph_Driver/src/stm32f4xx_syscfg.o
 .debug_frame   0x0000000000001430      0x490 Libraries/STM32F4xx_StdPeriph_Driver/src/stm32f4xx_usart.o
 .debug_frame   0x00000000000018c0       0x30 src/main.o
 .debug_frame   0x00000000000018f0      0x110 src/stm32f4xx_it.o
 .debug_frame   0x0000000000001a00       0x7c src/system_stm32f4xx.o
 .debug_frame   0x0000000000001a7c      0x178 src/tasks/bosch_sensor_handler.o
 .debug_frame   0x0000000000001bf4       0x5c src/tasks/gnss.o
 .debug_frame   0x0000000000001c50       0x58 src/tasks/interrupts.o
 .debug_frame   0x0000000000001ca8      0x14c src/tasks/spi.o
 .debug_frame   0x0000000000001df4      0x1cc src/tasks/uart.o
 .debug_frame   0x0000000000001fc0       0x2c /opt/Atollic_TrueSTUDIO_for_STM32_x86_64_9.0.0/ARMTools/bin/../lib/gcc/arm-atollic-eabi/6.3.1/../../../../arm-atollic-eabi/lib/armv7e-m/fpu/libc_nano.a(lib_a-init.o)

.stabstr        0x0000000000000000       0x3f
 .stabstr       0x0000000000000000       0x3f /opt/Atollic_TrueSTUDIO_for_STM32_x86_64_9.0.0/ARMTools/bin/../lib/gcc/arm-atollic-eabi/6.3.1/../../../../arm-atollic-eabi/lib/armv7e-m/fpu/libnosys.a(write.o)

Cross Reference Table

Symbol                                            File
ADC_AnalogWatchdogCmd                             Libraries/STM32F4xx_StdPeriph_Driver/src/stm32f4xx_adc.o
ADC_AnalogWatchdogSingleChannelConfig             Libraries/STM32F4xx_StdPeriph_Driver/src/stm32f4xx_adc.o
ADC_AnalogWatchdogThresholdsConfig                Libraries/STM32F4xx_StdPeriph_Driver/src/stm32f4xx_adc.o
ADC_AutoInjectedConvCmd                           Libraries/STM32F4xx_StdPeriph_Driver/src/stm32f4xx_adc.o
ADC_ClearFlag                                     Libraries/STM32F4xx_StdPeriph_Driver/src/stm32f4xx_adc.o
ADC_ClearITPendingBit                             Libraries/STM32F4xx_StdPeriph_Driver/src/stm32f4xx_adc.o
ADC_Cmd                                           Libraries/STM32F4xx_StdPeriph_Driver/src/stm32f4xx_adc.o
ADC_CommonInit                                    Libraries/STM32F4xx_StdPeriph_Driver/src/stm32f4xx_adc.o
ADC_CommonStructInit                              Libraries/STM32F4xx_StdPeriph_Driver/src/stm32f4xx_adc.o
ADC_ContinuousModeCmd                             Libraries/STM32F4xx_StdPeriph_Driver/src/stm32f4xx_adc.o
ADC_DMACmd                                        Libraries/STM32F4xx_StdPeriph_Driver/src/stm32f4xx_adc.o
ADC_DMARequestAfterLastTransferCmd                Libraries/STM32F4xx_StdPeriph_Driver/src/stm32f4xx_adc.o
ADC_DeInit                                        Libraries/STM32F4xx_StdPeriph_Driver/src/stm32f4xx_adc.o
ADC_DiscModeChannelCountConfig                    Libraries/STM32F4xx_StdPeriph_Driver/src/stm32f4xx_adc.o
ADC_DiscModeCmd                                   Libraries/STM32F4xx_StdPeriph_Driver/src/stm32f4xx_adc.o
ADC_EOCOnEachRegularChannelCmd                    Libraries/STM32F4xx_StdPeriph_Driver/src/stm32f4xx_adc.o
ADC_ExternalTrigInjectedConvConfig                Libraries/STM32F4xx_StdPeriph_Driver/src/stm32f4xx_adc.o
ADC_ExternalTrigInjectedConvEdgeConfig            Libraries/STM32F4xx_StdPeriph_Driver/src/stm32f4xx_adc.o
ADC_GetConversionValue                            Libraries/STM32F4xx_StdPeriph_Driver/src/stm32f4xx_adc.o
ADC_GetFlagStatus                                 Libraries/STM32F4xx_StdPeriph_Driver/src/stm32f4xx_adc.o
ADC_GetITStatus                                   Libraries/STM32F4xx_StdPeriph_Driver/src/stm32f4xx_adc.o
ADC_GetInjectedConversionValue                    Libraries/STM32F4xx_StdPeriph_Driver/src/stm32f4xx_adc.o
ADC_GetMultiModeConversionValue                   Libraries/STM32F4xx_StdPeriph_Driver/src/stm32f4xx_adc.o
ADC_GetSoftwareStartConvStatus                    Libraries/STM32F4xx_StdPeriph_Driver/src/stm32f4xx_adc.o
ADC_GetSoftwareStartInjectedConvCmdStatus         Libraries/STM32F4xx_StdPeriph_Driver/src/stm32f4xx_adc.o
ADC_IRQHandler                                    src/startup_stm32f40xx.o
ADC_ITConfig                                      Libraries/STM32F4xx_StdPeriph_Driver/src/stm32f4xx_adc.o
ADC_Init                                          Libraries/STM32F4xx_StdPeriph_Driver/src/stm32f4xx_adc.o
ADC_InjectedChannelConfig                         Libraries/STM32F4xx_StdPeriph_Driver/src/stm32f4xx_adc.o
ADC_InjectedDiscModeCmd                           Libraries/STM32F4xx_StdPeriph_Driver/src/stm32f4xx_adc.o
ADC_InjectedSequencerLengthConfig                 Libraries/STM32F4xx_StdPeriph_Driver/src/stm32f4xx_adc.o
ADC_MultiModeDMARequestAfterLastTransferCmd       Libraries/STM32F4xx_StdPeriph_Driver/src/stm32f4xx_adc.o
ADC_RegularChannelConfig                          Libraries/STM32F4xx_StdPeriph_Driver/src/stm32f4xx_adc.o
ADC_SetInjectedOffset                             Libraries/STM32F4xx_StdPeriph_Driver/src/stm32f4xx_adc.o
ADC_SoftwareStartConv                             Libraries/STM32F4xx_StdPeriph_Driver/src/stm32f4xx_adc.o
ADC_SoftwareStartInjectedConv                     Libraries/STM32F4xx_StdPeriph_Driver/src/stm32f4xx_adc.o
ADC_StructInit                                    Libraries/STM32F4xx_StdPeriph_Driver/src/stm32f4xx_adc.o
ADC_TempSensorVrefintCmd                          Libraries/STM32F4xx_StdPeriph_Driver/src/stm32f4xx_adc.o
ADC_VBATCmd                                       Libraries/STM32F4xx_StdPeriph_Driver/src/stm32f4xx_adc.o
AHBPrescTable                                     src/system_stm32f4xx.o
BusFault_Handler                                  src/stm32f4xx_it.o
                                                  src/startup_stm32f40xx.o
CAN1_RX0_IRQHandler                               src/startup_stm32f40xx.o
CAN1_RX1_IRQHandler                               src/startup_stm32f40xx.o
CAN1_SCE_IRQHandler                               src/startup_stm32f40xx.o
CAN1_TX_IRQHandler                                src/startup_stm32f40xx.o
CAN2_RX0_IRQHandler                               src/startup_stm32f40xx.o
CAN2_RX1_IRQHandler                               src/startup_stm32f40xx.o
CAN2_SCE_IRQHandler                               src/startup_stm32f40xx.o
CAN2_TX_IRQHandler                                src/startup_stm32f40xx.o
CAN_CancelTransmit                                Libraries/STM32F4xx_StdPeriph_Driver/src/stm32f4xx_can.o
CAN_ClearFlag                                     Libraries/STM32F4xx_StdPeriph_Driver/src/stm32f4xx_can.o
CAN_ClearITPendingBit                             Libraries/STM32F4xx_StdPeriph_Driver/src/stm32f4xx_can.o
CAN_DBGFreeze                                     Libraries/STM32F4xx_StdPeriph_Driver/src/stm32f4xx_can.o
CAN_DeInit                                        Libraries/STM32F4xx_StdPeriph_Driver/src/stm32f4xx_can.o
CAN_FIFORelease                                   Libraries/STM32F4xx_StdPeriph_Driver/src/stm32f4xx_can.o
CAN_FilterInit                                    Libraries/STM32F4xx_StdPeriph_Driver/src/stm32f4xx_can.o
CAN_GetFlagStatus                                 Libraries/STM32F4xx_StdPeriph_Driver/src/stm32f4xx_can.o
CAN_GetITStatus                                   Libraries/STM32F4xx_StdPeriph_Driver/src/stm32f4xx_can.o
CAN_GetLSBTransmitErrorCounter                    Libraries/STM32F4xx_StdPeriph_Driver/src/stm32f4xx_can.o
CAN_GetLastErrorCode                              Libraries/STM32F4xx_StdPeriph_Driver/src/stm32f4xx_can.o
CAN_GetReceiveErrorCounter                        Libraries/STM32F4xx_StdPeriph_Driver/src/stm32f4xx_can.o
CAN_ITConfig                                      Libraries/STM32F4xx_StdPeriph_Driver/src/stm32f4xx_can.o
CAN_Init                                          Libraries/STM32F4xx_StdPeriph_Driver/src/stm32f4xx_can.o
CAN_MessagePending                                Libraries/STM32F4xx_StdPeriph_Driver/src/stm32f4xx_can.o
CAN_OperatingModeRequest                          Libraries/STM32F4xx_StdPeriph_Driver/src/stm32f4xx_can.o
CAN_Receive                                       Libraries/STM32F4xx_StdPeriph_Driver/src/stm32f4xx_can.o
CAN_SlaveStartBank                                Libraries/STM32F4xx_StdPeriph_Driver/src/stm32f4xx_can.o
CAN_Sleep                                         Libraries/STM32F4xx_StdPeriph_Driver/src/stm32f4xx_can.o
CAN_StructInit                                    Libraries/STM32F4xx_StdPeriph_Driver/src/stm32f4xx_can.o
CAN_TTComModeCmd                                  Libraries/STM32F4xx_StdPeriph_Driver/src/stm32f4xx_can.o
CAN_Transmit                                      Libraries/STM32F4xx_StdPeriph_Driver/src/stm32f4xx_can.o
CAN_TransmitStatus                                Libraries/STM32F4xx_StdPeriph_Driver/src/stm32f4xx_can.o
CAN_WakeUp                                        Libraries/STM32F4xx_StdPeriph_Driver/src/stm32f4xx_can.o
CRC_CalcBlockCRC                                  Libraries/STM32F4xx_StdPeriph_Driver/src/stm32f4xx_crc.o
CRC_CalcCRC                                       Libraries/STM32F4xx_StdPeriph_Driver/src/stm32f4xx_crc.o
CRC_GetCRC                                        Libraries/STM32F4xx_StdPeriph_Driver/src/stm32f4xx_crc.o
CRC_GetIDRegister                                 Libraries/STM32F4xx_StdPeriph_Driver/src/stm32f4xx_crc.o
CRC_ResetDR                                       Libraries/STM32F4xx_StdPeriph_Driver/src/stm32f4xx_crc.o
                                                  src/tasks/uart.o
CRC_SetIDRegister                                 Libraries/STM32F4xx_StdPeriph_Driver/src/stm32f4xx_crc.o
CRC_calculate_8bit_datablock                      src/tasks/uart.o
CRYP_AES_CBC                                      Libraries/STM32F4xx_StdPeriph_Driver/src/stm32f4xx_cryp_aes.o
CRYP_AES_CCM                                      Libraries/STM32F4xx_StdPeriph_Driver/src/stm32f4xx_cryp_aes.o
CRYP_AES_CTR                                      Libraries/STM32F4xx_StdPeriph_Driver/src/stm32f4xx_cryp_aes.o
CRYP_AES_ECB                                      Libraries/STM32F4xx_StdPeriph_Driver/src/stm32f4xx_cryp_aes.o
CRYP_AES_GCM                                      Libraries/STM32F4xx_StdPeriph_Driver/src/stm32f4xx_cryp_aes.o
CRYP_Cmd                                          Libraries/STM32F4xx_StdPeriph_Driver/src/stm32f4xx_cryp.o
                                                  Libraries/STM32F4xx_StdPeriph_Driver/src/stm32f4xx_cryp_tdes.o
                                                  Libraries/STM32F4xx_StdPeriph_Driver/src/stm32f4xx_cryp_des.o
                                                  Libraries/STM32F4xx_StdPeriph_Driver/src/stm32f4xx_cryp_aes.o
CRYP_DES_CBC                                      Libraries/STM32F4xx_StdPeriph_Driver/src/stm32f4xx_cryp_des.o
CRYP_DES_ECB                                      Libraries/STM32F4xx_StdPeriph_Driver/src/stm32f4xx_cryp_des.o
CRYP_DMACmd                                       Libraries/STM32F4xx_StdPeriph_Driver/src/stm32f4xx_cryp.o
CRYP_DataIn                                       Libraries/STM32F4xx_StdPeriph_Driver/src/stm32f4xx_cryp.o
                                                  Libraries/STM32F4xx_StdPeriph_Driver/src/stm32f4xx_cryp_tdes.o
                                                  Libraries/STM32F4xx_StdPeriph_Driver/src/stm32f4xx_cryp_des.o
                                                  Libraries/STM32F4xx_StdPeriph_Driver/src/stm32f4xx_cryp_aes.o
CRYP_DataOut                                      Libraries/STM32F4xx_StdPeriph_Driver/src/stm32f4xx_cryp.o
                                                  Libraries/STM32F4xx_StdPeriph_Driver/src/stm32f4xx_cryp_tdes.o
                                                  Libraries/STM32F4xx_StdPeriph_Driver/src/stm32f4xx_cryp_des.o
                                                  Libraries/STM32F4xx_StdPeriph_Driver/src/stm32f4xx_cryp_aes.o
CRYP_DeInit                                       Libraries/STM32F4xx_StdPeriph_Driver/src/stm32f4xx_cryp.o
CRYP_FIFOFlush                                    Libraries/STM32F4xx_StdPeriph_Driver/src/stm32f4xx_cryp.o
                                                  Libraries/STM32F4xx_StdPeriph_Driver/src/stm32f4xx_cryp_tdes.o
                                                  Libraries/STM32F4xx_StdPeriph_Driver/src/stm32f4xx_cryp_des.o
                                                  Libraries/STM32F4xx_StdPeriph_Driver/src/stm32f4xx_cryp_aes.o
CRYP_GetCmdStatus                                 Libraries/STM32F4xx_StdPeriph_Driver/src/stm32f4xx_cryp.o
                                                  Libraries/STM32F4xx_StdPeriph_Driver/src/stm32f4xx_cryp_tdes.o
                                                  Libraries/STM32F4xx_StdPeriph_Driver/src/stm32f4xx_cryp_des.o
                                                  Libraries/STM32F4xx_StdPeriph_Driver/src/stm32f4xx_cryp_aes.o
CRYP_GetFlagStatus                                Libraries/STM32F4xx_StdPeriph_Driver/src/stm32f4xx_cryp.o
                                                  Libraries/STM32F4xx_StdPeriph_Driver/src/stm32f4xx_cryp_tdes.o
                                                  Libraries/STM32F4xx_StdPeriph_Driver/src/stm32f4xx_cryp_des.o
                                                  Libraries/STM32F4xx_StdPeriph_Driver/src/stm32f4xx_cryp_aes.o
CRYP_GetITStatus                                  Libraries/STM32F4xx_StdPeriph_Driver/src/stm32f4xx_cryp.o
CRYP_IRQHandler                                   src/startup_stm32f40xx.o
CRYP_ITConfig                                     Libraries/STM32F4xx_StdPeriph_Driver/src/stm32f4xx_cryp.o
CRYP_IVInit                                       Libraries/STM32F4xx_StdPeriph_Driver/src/stm32f4xx_cryp.o
                                                  Libraries/STM32F4xx_StdPeriph_Driver/src/stm32f4xx_cryp_tdes.o
                                                  Libraries/STM32F4xx_StdPeriph_Driver/src/stm32f4xx_cryp_des.o
                                                  Libraries/STM32F4xx_StdPeriph_Driver/src/stm32f4xx_cryp_aes.o
CRYP_IVStructInit                                 Libraries/STM32F4xx_StdPeriph_Driver/src/stm32f4xx_cryp.o
CRYP_Init                                         Libraries/STM32F4xx_StdPeriph_Driver/src/stm32f4xx_cryp.o
                                                  Libraries/STM32F4xx_StdPeriph_Driver/src/stm32f4xx_cryp_tdes.o
                                                  Libraries/STM32F4xx_StdPeriph_Driver/src/stm32f4xx_cryp_des.o
                                                  Libraries/STM32F4xx_StdPeriph_Driver/src/stm32f4xx_cryp_aes.o
CRYP_KeyInit                                      Libraries/STM32F4xx_StdPeriph_Driver/src/stm32f4xx_cryp.o
                                                  Libraries/STM32F4xx_StdPeriph_Driver/src/stm32f4xx_cryp_tdes.o
                                                  Libraries/STM32F4xx_StdPeriph_Driver/src/stm32f4xx_cryp_des.o
                                                  Libraries/STM32F4xx_StdPeriph_Driver/src/stm32f4xx_cryp_aes.o
CRYP_KeyStructInit                                Libraries/STM32F4xx_StdPeriph_Driver/src/stm32f4xx_cryp.o
                                                  Libraries/STM32F4xx_StdPeriph_Driver/src/stm32f4xx_cryp_tdes.o
                                                  Libraries/STM32F4xx_StdPeriph_Driver/src/stm32f4xx_cryp_des.o
                                                  Libraries/STM32F4xx_StdPeriph_Driver/src/stm32f4xx_cryp_aes.o
CRYP_PhaseConfig                                  Libraries/STM32F4xx_StdPeriph_Driver/src/stm32f4xx_cryp.o
                                                  Libraries/STM32F4xx_StdPeriph_Driver/src/stm32f4xx_cryp_aes.o
CRYP_RestoreContext                               Libraries/STM32F4xx_StdPeriph_Driver/src/stm32f4xx_cryp.o
CRYP_SaveContext                                  Libraries/STM32F4xx_StdPeriph_Driver/src/stm32f4xx_cryp.o
CRYP_StructInit                                   Libraries/STM32F4xx_StdPeriph_Driver/src/stm32f4xx_cryp.o
CRYP_TDES_CBC                                     Libraries/STM32F4xx_StdPeriph_Driver/src/stm32f4xx_cryp_tdes.o
CRYP_TDES_ECB                                     Libraries/STM32F4xx_StdPeriph_Driver/src/stm32f4xx_cryp_tdes.o
DAC_ClearFlag                                     Libraries/STM32F4xx_StdPeriph_Driver/src/stm32f4xx_dac.o
DAC_ClearITPendingBit                             Libraries/STM32F4xx_StdPeriph_Driver/src/stm32f4xx_dac.o
DAC_Cmd                                           Libraries/STM32F4xx_StdPeriph_Driver/src/stm32f4xx_dac.o
DAC_DMACmd                                        Libraries/STM32F4xx_StdPeriph_Driver/src/stm32f4xx_dac.o
DAC_DeInit                                        Libraries/STM32F4xx_StdPeriph_Driver/src/stm32f4xx_dac.o
DAC_DualSoftwareTriggerCmd                        Libraries/STM32F4xx_StdPeriph_Driver/src/stm32f4xx_dac.o
DAC_GetDataOutputValue                            Libraries/STM32F4xx_StdPeriph_Driver/src/stm32f4xx_dac.o
DAC_GetFlagStatus                                 Libraries/STM32F4xx_StdPeriph_Driver/src/stm32f4xx_dac.o
DAC_GetITStatus                                   Libraries/STM32F4xx_StdPeriph_Driver/src/stm32f4xx_dac.o
DAC_ITConfig                                      Libraries/STM32F4xx_StdPeriph_Driver/src/stm32f4xx_dac.o
DAC_Init                                          Libraries/STM32F4xx_StdPeriph_Driver/src/stm32f4xx_dac.o
DAC_SetChannel1Data                               Libraries/STM32F4xx_StdPeriph_Driver/src/stm32f4xx_dac.o
DAC_SetChannel2Data                               Libraries/STM32F4xx_StdPeriph_Driver/src/stm32f4xx_dac.o
DAC_SetDualChannelData                            Libraries/STM32F4xx_StdPeriph_Driver/src/stm32f4xx_dac.o
DAC_SoftwareTriggerCmd                            Libraries/STM32F4xx_StdPeriph_Driver/src/stm32f4xx_dac.o
DAC_StructInit                                    Libraries/STM32F4xx_StdPeriph_Driver/src/stm32f4xx_dac.o
DAC_WaveGenerationCmd                             Libraries/STM32F4xx_StdPeriph_Driver/src/stm32f4xx_dac.o
DBGMCU_APB1PeriphConfig                           Libraries/STM32F4xx_StdPeriph_Driver/src/stm32f4xx_dbgmcu.o
DBGMCU_APB2PeriphConfig                           Libraries/STM32F4xx_StdPeriph_Driver/src/stm32f4xx_dbgmcu.o
DBGMCU_Config                                     Libraries/STM32F4xx_StdPeriph_Driver/src/stm32f4xx_dbgmcu.o
DBGMCU_GetDEVID                                   Libraries/STM32F4xx_StdPeriph_Driver/src/stm32f4xx_dbgmcu.o
DBGMCU_GetREVID                                   Libraries/STM32F4xx_StdPeriph_Driver/src/stm32f4xx_dbgmcu.o
DCMI_CROPCmd                                      Libraries/STM32F4xx_StdPeriph_Driver/src/stm32f4xx_dcmi.o
DCMI_CROPConfig                                   Libraries/STM32F4xx_StdPeriph_Driver/src/stm32f4xx_dcmi.o
DCMI_CaptureCmd                                   Libraries/STM32F4xx_StdPeriph_Driver/src/stm32f4xx_dcmi.o
DCMI_ClearFlag                                    Libraries/STM32F4xx_StdPeriph_Driver/src/stm32f4xx_dcmi.o
DCMI_ClearITPendingBit                            Libraries/STM32F4xx_StdPeriph_Driver/src/stm32f4xx_dcmi.o
DCMI_Cmd                                          Libraries/STM32F4xx_StdPeriph_Driver/src/stm32f4xx_dcmi.o
DCMI_DeInit                                       Libraries/STM32F4xx_StdPeriph_Driver/src/stm32f4xx_dcmi.o
DCMI_GetFlagStatus                                Libraries/STM32F4xx_StdPeriph_Driver/src/stm32f4xx_dcmi.o
DCMI_GetITStatus                                  Libraries/STM32F4xx_StdPeriph_Driver/src/stm32f4xx_dcmi.o
DCMI_IRQHandler                                   src/startup_stm32f40xx.o
DCMI_ITConfig                                     Libraries/STM32F4xx_StdPeriph_Driver/src/stm32f4xx_dcmi.o
DCMI_Init                                         Libraries/STM32F4xx_StdPeriph_Driver/src/stm32f4xx_dcmi.o
DCMI_JPEGCmd                                      Libraries/STM32F4xx_StdPeriph_Driver/src/stm32f4xx_dcmi.o
DCMI_ReadData                                     Libraries/STM32F4xx_StdPeriph_Driver/src/stm32f4xx_dcmi.o
DCMI_SetEmbeddedSynchroCodes                      Libraries/STM32F4xx_StdPeriph_Driver/src/stm32f4xx_dcmi.o
DCMI_StructInit                                   Libraries/STM32F4xx_StdPeriph_Driver/src/stm32f4xx_dcmi.o
DMA1_Stream0_IRQHandler                           src/startup_stm32f40xx.o
DMA1_Stream1_IRQHandler                           src/startup_stm32f40xx.o
DMA1_Stream2_IRQHandler                           src/startup_stm32f40xx.o
DMA1_Stream3_IRQHandler                           src/tasks/uart.o
                                                  src/startup_stm32f40xx.o
DMA1_Stream4_IRQHandler                           src/startup_stm32f40xx.o
DMA1_Stream5_IRQHandler                           src/startup_stm32f40xx.o
DMA1_Stream6_IRQHandler                           src/startup_stm32f40xx.o
DMA1_Stream7_IRQHandler                           src/startup_stm32f40xx.o
DMA2_Stream0_IRQHandler                           src/startup_stm32f40xx.o
DMA2_Stream1_IRQHandler                           src/startup_stm32f40xx.o
DMA2_Stream2_IRQHandler                           src/tasks/uart.o
                                                  src/startup_stm32f40xx.o
DMA2_Stream3_IRQHandler                           src/startup_stm32f40xx.o
DMA2_Stream4_IRQHandler                           src/startup_stm32f40xx.o
DMA2_Stream5_IRQHandler                           src/startup_stm32f40xx.o
DMA2_Stream6_IRQHandler                           src/startup_stm32f40xx.o
DMA2_Stream7_IRQHandler                           src/startup_stm32f40xx.o
DMA_ClearFlag                                     Libraries/STM32F4xx_StdPeriph_Driver/src/stm32f4xx_dma.o
                                                  src/tasks/uart.o
DMA_ClearITPendingBit                             Libraries/STM32F4xx_StdPeriph_Driver/src/stm32f4xx_dma.o
                                                  src/tasks/uart.o
DMA_Cmd                                           Libraries/STM32F4xx_StdPeriph_Driver/src/stm32f4xx_dma.o
                                                  src/tasks/uart.o
DMA_DeInit                                        Libraries/STM32F4xx_StdPeriph_Driver/src/stm32f4xx_dma.o
                                                  src/tasks/uart.o
DMA_DoubleBufferModeCmd                           Libraries/STM32F4xx_StdPeriph_Driver/src/stm32f4xx_dma.o
DMA_DoubleBufferModeConfig                        Libraries/STM32F4xx_StdPeriph_Driver/src/stm32f4xx_dma.o
DMA_FlowControllerConfig                          Libraries/STM32F4xx_StdPeriph_Driver/src/stm32f4xx_dma.o
DMA_GetCmdStatus                                  Libraries/STM32F4xx_StdPeriph_Driver/src/stm32f4xx_dma.o
                                                  src/tasks/uart.o
DMA_GetCurrDataCounter                            Libraries/STM32F4xx_StdPeriph_Driver/src/stm32f4xx_dma.o
                                                  src/tasks/uart.o
DMA_GetCurrentMemoryTarget                        Libraries/STM32F4xx_StdPeriph_Driver/src/stm32f4xx_dma.o
DMA_GetFIFOStatus                                 Libraries/STM32F4xx_StdPeriph_Driver/src/stm32f4xx_dma.o
DMA_GetFlagStatus                                 Libraries/STM32F4xx_StdPeriph_Driver/src/stm32f4xx_dma.o
                                                  src/tasks/uart.o
DMA_GetITStatus                                   Libraries/STM32F4xx_StdPeriph_Driver/src/stm32f4xx_dma.o
                                                  src/tasks/uart.o
DMA_ITConfig                                      Libraries/STM32F4xx_StdPeriph_Driver/src/stm32f4xx_dma.o
                                                  src/tasks/uart.o
DMA_Init                                          Libraries/STM32F4xx_StdPeriph_Driver/src/stm32f4xx_dma.o
                                                  src/tasks/uart.o
DMA_MemoryTargetConfig                            Libraries/STM32F4xx_StdPeriph_Driver/src/stm32f4xx_dma.o
DMA_PeriphIncOffsetSizeConfig                     Libraries/STM32F4xx_StdPeriph_Driver/src/stm32f4xx_dma.o
DMA_SetCurrDataCounter                            Libraries/STM32F4xx_StdPeriph_Driver/src/stm32f4xx_dma.o
                                                  src/tasks/uart.o
DMA_StructInit                                    Libraries/STM32F4xx_StdPeriph_Driver/src/stm32f4xx_dma.o
DebugMon_Handler                                  src/stm32f4xx_it.o
                                                  src/startup_stm32f40xx.o
Default_Handler                                   src/startup_stm32f40xx.o
ETH_IRQHandler                                    src/startup_stm32f40xx.o
ETH_WKUP_IRQHandler                               src/startup_stm32f40xx.o
EXTI0_IRQHandler                                  src/startup_stm32f40xx.o
EXTI15_10_IRQHandler                              src/tasks/interrupts.o
                                                  src/startup_stm32f40xx.o
EXTI1_IRQHandler                                  src/startup_stm32f40xx.o
EXTI2_IRQHandler                                  src/startup_stm32f40xx.o
EXTI3_IRQHandler                                  src/startup_stm32f40xx.o
EXTI4_IRQHandler                                  src/startup_stm32f40xx.o
EXTI9_5_IRQHandler                                src/startup_stm32f40xx.o
EXTI_ClearFlag                                    Libraries/STM32F4xx_StdPeriph_Driver/src/stm32f4xx_exti.o
EXTI_ClearITPendingBit                            Libraries/STM32F4xx_StdPeriph_Driver/src/stm32f4xx_exti.o
                                                  src/tasks/interrupts.o
EXTI_DeInit                                       Libraries/STM32F4xx_StdPeriph_Driver/src/stm32f4xx_exti.o
EXTI_GenerateSWInterrupt                          Libraries/STM32F4xx_StdPeriph_Driver/src/stm32f4xx_exti.o
EXTI_GetFlagStatus                                Libraries/STM32F4xx_StdPeriph_Driver/src/stm32f4xx_exti.o
EXTI_GetITStatus                                  Libraries/STM32F4xx_StdPeriph_Driver/src/stm32f4xx_exti.o
                                                  src/tasks/interrupts.o
EXTI_Init                                         Libraries/STM32F4xx_StdPeriph_Driver/src/stm32f4xx_exti.o
                                                  src/tasks/interrupts.o
EXTI_StructInit                                   Libraries/STM32F4xx_StdPeriph_Driver/src/stm32f4xx_exti.o
FLASH_ClearFlag                                   Libraries/STM32F4xx_StdPeriph_Driver/src/stm32f4xx_flash.o
FLASH_DataCacheCmd                                Libraries/STM32F4xx_StdPeriph_Driver/src/stm32f4xx_flash.o
FLASH_DataCacheReset                              Libraries/STM32F4xx_StdPeriph_Driver/src/stm32f4xx_flash.o
FLASH_EraseAllSectors                             Libraries/STM32F4xx_StdPeriph_Driver/src/stm32f4xx_flash.o
FLASH_EraseSector                                 Libraries/STM32F4xx_StdPeriph_Driver/src/stm32f4xx_flash.o
FLASH_GetFlagStatus                               Libraries/STM32F4xx_StdPeriph_Driver/src/stm32f4xx_flash.o
FLASH_GetStatus                                   Libraries/STM32F4xx_StdPeriph_Driver/src/stm32f4xx_flash.o
FLASH_IRQHandler                                  src/startup_stm32f40xx.o
FLASH_ITConfig                                    Libraries/STM32F4xx_StdPeriph_Driver/src/stm32f4xx_flash.o
FLASH_InstructionCacheCmd                         Libraries/STM32F4xx_StdPeriph_Driver/src/stm32f4xx_flash.o
FLASH_InstructionCacheReset                       Libraries/STM32F4xx_StdPeriph_Driver/src/stm32f4xx_flash.o
FLASH_Lock                                        Libraries/STM32F4xx_StdPeriph_Driver/src/stm32f4xx_flash.o
FLASH_OB_BORConfig                                Libraries/STM32F4xx_StdPeriph_Driver/src/stm32f4xx_flash.o
FLASH_OB_GetBOR                                   Libraries/STM32F4xx_StdPeriph_Driver/src/stm32f4xx_flash.o
FLASH_OB_GetRDP                                   Libraries/STM32F4xx_StdPeriph_Driver/src/stm32f4xx_flash.o
FLASH_OB_GetUser                                  Libraries/STM32F4xx_StdPeriph_Driver/src/stm32f4xx_flash.o
FLASH_OB_GetWRP                                   Libraries/STM32F4xx_StdPeriph_Driver/src/stm32f4xx_flash.o
FLASH_OB_GetWRP1                                  Libraries/STM32F4xx_StdPeriph_Driver/src/stm32f4xx_flash.o
FLASH_OB_Launch                                   Libraries/STM32F4xx_StdPeriph_Driver/src/stm32f4xx_flash.o
FLASH_OB_Lock                                     Libraries/STM32F4xx_StdPeriph_Driver/src/stm32f4xx_flash.o
FLASH_OB_RDPConfig                                Libraries/STM32F4xx_StdPeriph_Driver/src/stm32f4xx_flash.o
FLASH_OB_Unlock                                   Libraries/STM32F4xx_StdPeriph_Driver/src/stm32f4xx_flash.o
FLASH_OB_UserConfig                               Libraries/STM32F4xx_StdPeriph_Driver/src/stm32f4xx_flash.o
FLASH_OB_WRP1Config                               Libraries/STM32F4xx_StdPeriph_Driver/src/stm32f4xx_flash.o
FLASH_OB_WRPConfig                                Libraries/STM32F4xx_StdPeriph_Driver/src/stm32f4xx_flash.o
FLASH_PrefetchBufferCmd                           Libraries/STM32F4xx_StdPeriph_Driver/src/stm32f4xx_flash.o
FLASH_ProgramByte                                 Libraries/STM32F4xx_StdPeriph_Driver/src/stm32f4xx_flash.o
FLASH_ProgramDoubleWord                           Libraries/STM32F4xx_StdPeriph_Driver/src/stm32f4xx_flash.o
FLASH_ProgramHalfWord                             Libraries/STM32F4xx_StdPeriph_Driver/src/stm32f4xx_flash.o
FLASH_ProgramWord                                 Libraries/STM32F4xx_StdPeriph_Driver/src/stm32f4xx_flash.o
FLASH_SetLatency                                  Libraries/STM32F4xx_StdPeriph_Driver/src/stm32f4xx_flash.o
FLASH_Unlock                                      Libraries/STM32F4xx_StdPeriph_Driver/src/stm32f4xx_flash.o
FLASH_WaitForLastOperation                        Libraries/STM32F4xx_StdPeriph_Driver/src/stm32f4xx_flash.o
FPU_IRQHandler                                    src/startup_stm32f40xx.o
FSMC_ClearFlag                                    Libraries/STM32F4xx_StdPeriph_Driver/src/stm32f4xx_fsmc.o
FSMC_ClearITPendingBit                            Libraries/STM32F4xx_StdPeriph_Driver/src/stm32f4xx_fsmc.o
FSMC_GetECC                                       Libraries/STM32F4xx_StdPeriph_Driver/src/stm32f4xx_fsmc.o
FSMC_GetFlagStatus                                Libraries/STM32F4xx_StdPeriph_Driver/src/stm32f4xx_fsmc.o
FSMC_GetITStatus                                  Libraries/STM32F4xx_StdPeriph_Driver/src/stm32f4xx_fsmc.o
FSMC_IRQHandler                                   src/startup_stm32f40xx.o
FSMC_ITConfig                                     Libraries/STM32F4xx_StdPeriph_Driver/src/stm32f4xx_fsmc.o
FSMC_NANDCmd                                      Libraries/STM32F4xx_StdPeriph_Driver/src/stm32f4xx_fsmc.o
FSMC_NANDDeInit                                   Libraries/STM32F4xx_StdPeriph_Driver/src/stm32f4xx_fsmc.o
FSMC_NANDECCCmd                                   Libraries/STM32F4xx_StdPeriph_Driver/src/stm32f4xx_fsmc.o
FSMC_NANDInit                                     Libraries/STM32F4xx_StdPeriph_Driver/src/stm32f4xx_fsmc.o
FSMC_NANDStructInit                               Libraries/STM32F4xx_StdPeriph_Driver/src/stm32f4xx_fsmc.o
FSMC_NORSRAMCmd                                   Libraries/STM32F4xx_StdPeriph_Driver/src/stm32f4xx_fsmc.o
FSMC_NORSRAMDeInit                                Libraries/STM32F4xx_StdPeriph_Driver/src/stm32f4xx_fsmc.o
FSMC_NORSRAMInit                                  Libraries/STM32F4xx_StdPeriph_Driver/src/stm32f4xx_fsmc.o
FSMC_NORSRAMStructInit                            Libraries/STM32F4xx_StdPeriph_Driver/src/stm32f4xx_fsmc.o
FSMC_PCCARDCmd                                    Libraries/STM32F4xx_StdPeriph_Driver/src/stm32f4xx_fsmc.o
FSMC_PCCARDDeInit                                 Libraries/STM32F4xx_StdPeriph_Driver/src/stm32f4xx_fsmc.o
FSMC_PCCARDInit                                   Libraries/STM32F4xx_StdPeriph_Driver/src/stm32f4xx_fsmc.o
FSMC_PCCARDStructInit                             Libraries/STM32F4xx_StdPeriph_Driver/src/stm32f4xx_fsmc.o
GNSS_DATA_LENGTH                                  src/tasks/uart.o
                                                  src/tasks/interrupts.o
                                                  src/tasks/gnss.o
                                                  src/main.o
GNSS_RX_BUFFER                                    src/tasks/uart.o
                                                  src/tasks/interrupts.o
                                                  src/tasks/gnss.o
                                                  src/main.o
GNSS_UBX_Data_Global                              src/tasks/uart.o
                                                  src/tasks/interrupts.o
                                                  src/tasks/gnss.o
                                                  src/main.o
GPIO_DeInit                                       Libraries/STM32F4xx_StdPeriph_Driver/src/stm32f4xx_gpio.o
GPIO_Init                                         Libraries/STM32F4xx_StdPeriph_Driver/src/stm32f4xx_gpio.o
                                                  src/tasks/uart.o
                                                  src/tasks/spi.o
                                                  src/tasks/interrupts.o
GPIO_PinAFConfig                                  Libraries/STM32F4xx_StdPeriph_Driver/src/stm32f4xx_gpio.o
                                                  src/tasks/uart.o
                                                  src/tasks/spi.o
GPIO_PinLockConfig                                Libraries/STM32F4xx_StdPeriph_Driver/src/stm32f4xx_gpio.o
GPIO_ReadInputData                                Libraries/STM32F4xx_StdPeriph_Driver/src/stm32f4xx_gpio.o
GPIO_ReadInputDataBit                             Libraries/STM32F4xx_StdPeriph_Driver/src/stm32f4xx_gpio.o
GPIO_ReadOutputData                               Libraries/STM32F4xx_StdPeriph_Driver/src/stm32f4xx_gpio.o
GPIO_ReadOutputDataBit                            Libraries/STM32F4xx_StdPeriph_Driver/src/stm32f4xx_gpio.o
GPIO_ResetBits                                    Libraries/STM32F4xx_StdPeriph_Driver/src/stm32f4xx_gpio.o
                                                  src/tasks/spi.o
GPIO_SetBits                                      Libraries/STM32F4xx_StdPeriph_Driver/src/stm32f4xx_gpio.o
                                                  src/tasks/spi.o
GPIO_StructInit                                   Libraries/STM32F4xx_StdPeriph_Driver/src/stm32f4xx_gpio.o
GPIO_ToggleBits                                   Libraries/STM32F4xx_StdPeriph_Driver/src/stm32f4xx_gpio.o
GPIO_Write                                        Libraries/STM32F4xx_StdPeriph_Driver/src/stm32f4xx_gpio.o
GPIO_WriteBit                                     Libraries/STM32F4xx_StdPeriph_Driver/src/stm32f4xx_gpio.o
GlobalDataUnion                                   src/tasks/uart.o
                                                  src/tasks/spi.o
                                                  src/tasks/interrupts.o
                                                  src/tasks/gnss.o
                                                  src/tasks/bosch_sensor_handler.o
                                                  src/main.o
HASH_AutoStartDigest                              Libraries/STM32F4xx_StdPeriph_Driver/src/stm32f4xx_hash.o
HASH_ClearFlag                                    Libraries/STM32F4xx_StdPeriph_Driver/src/stm32f4xx_hash.o
HASH_ClearITPendingBit                            Libraries/STM32F4xx_StdPeriph_Driver/src/stm32f4xx_hash.o
HASH_DMACmd                                       Libraries/STM32F4xx_StdPeriph_Driver/src/stm32f4xx_hash.o
HASH_DataIn                                       Libraries/STM32F4xx_StdPeriph_Driver/src/stm32f4xx_hash.o
                                                  Libraries/STM32F4xx_StdPeriph_Driver/src/stm32f4xx_hash_sha1.o
                                                  Libraries/STM32F4xx_StdPeriph_Driver/src/stm32f4xx_hash_md5.o
HASH_DeInit                                       Libraries/STM32F4xx_StdPeriph_Driver/src/stm32f4xx_hash.o
                                                  Libraries/STM32F4xx_StdPeriph_Driver/src/stm32f4xx_hash_sha1.o
                                                  Libraries/STM32F4xx_StdPeriph_Driver/src/stm32f4xx_hash_md5.o
HASH_GetDigest                                    Libraries/STM32F4xx_StdPeriph_Driver/src/stm32f4xx_hash.o
                                                  Libraries/STM32F4xx_StdPeriph_Driver/src/stm32f4xx_hash_sha1.o
                                                  Libraries/STM32F4xx_StdPeriph_Driver/src/stm32f4xx_hash_md5.o
HASH_GetFlagStatus                                Libraries/STM32F4xx_StdPeriph_Driver/src/stm32f4xx_hash.o
                                                  Libraries/STM32F4xx_StdPeriph_Driver/src/stm32f4xx_hash_sha1.o
                                                  Libraries/STM32F4xx_StdPeriph_Driver/src/stm32f4xx_hash_md5.o
HASH_GetITStatus                                  Libraries/STM32F4xx_StdPeriph_Driver/src/stm32f4xx_hash.o
HASH_GetInFIFOWordsNbr                            Libraries/STM32F4xx_StdPeriph_Driver/src/stm32f4xx_hash.o
HASH_ITConfig                                     Libraries/STM32F4xx_StdPeriph_Driver/src/stm32f4xx_hash.o
HASH_Init                                         Libraries/STM32F4xx_StdPeriph_Driver/src/stm32f4xx_hash.o
                                                  Libraries/STM32F4xx_StdPeriph_Driver/src/stm32f4xx_hash_sha1.o
                                                  Libraries/STM32F4xx_StdPeriph_Driver/src/stm32f4xx_hash_md5.o
HASH_MD5                                          Libraries/STM32F4xx_StdPeriph_Driver/src/stm32f4xx_hash_md5.o
HASH_RNG_IRQHandler                               src/startup_stm32f40xx.o
HASH_Reset                                        Libraries/STM32F4xx_StdPeriph_Driver/src/stm32f4xx_hash.o
HASH_RestoreContext                               Libraries/STM32F4xx_StdPeriph_Driver/src/stm32f4xx_hash.o
HASH_SHA1                                         Libraries/STM32F4xx_StdPeriph_Driver/src/stm32f4xx_hash_sha1.o
HASH_SaveContext                                  Libraries/STM32F4xx_StdPeriph_Driver/src/stm32f4xx_hash.o
HASH_SetLastWordValidBitsNbr                      Libraries/STM32F4xx_StdPeriph_Driver/src/stm32f4xx_hash.o
                                                  Libraries/STM32F4xx_StdPeriph_Driver/src/stm32f4xx_hash_sha1.o
                                                  Libraries/STM32F4xx_StdPeriph_Driver/src/stm32f4xx_hash_md5.o
HASH_StartDigest                                  Libraries/STM32F4xx_StdPeriph_Driver/src/stm32f4xx_hash.o
                                                  Libraries/STM32F4xx_StdPeriph_Driver/src/stm32f4xx_hash_sha1.o
                                                  Libraries/STM32F4xx_StdPeriph_Driver/src/stm32f4xx_hash_md5.o
HASH_StructInit                                   Libraries/STM32F4xx_StdPeriph_Driver/src/stm32f4xx_hash.o
HMAC_MD5                                          Libraries/STM32F4xx_StdPeriph_Driver/src/stm32f4xx_hash_md5.o
HMAC_SHA1                                         Libraries/STM32F4xx_StdPeriph_Driver/src/stm32f4xx_hash_sha1.o
HardFault_Handler                                 src/stm32f4xx_it.o
                                                  src/startup_stm32f40xx.o
I2C1_ER_IRQHandler                                src/startup_stm32f40xx.o
I2C1_EV_IRQHandler                                src/startup_stm32f40xx.o
I2C2_ER_IRQHandler                                src/startup_stm32f40xx.o
I2C2_EV_IRQHandler                                src/startup_stm32f40xx.o
I2C3_ER_IRQHandler                                src/startup_stm32f40xx.o
I2C3_EV_IRQHandler                                src/startup_stm32f40xx.o
I2C_ARPCmd                                        Libraries/STM32F4xx_StdPeriph_Driver/src/stm32f4xx_i2c.o
I2C_AcknowledgeConfig                             Libraries/STM32F4xx_StdPeriph_Driver/src/stm32f4xx_i2c.o
I2C_AnalogFilterCmd                               Libraries/STM32F4xx_StdPeriph_Driver/src/stm32f4xx_i2c.o
I2C_CalculatePEC                                  Libraries/STM32F4xx_StdPeriph_Driver/src/stm32f4xx_i2c.o
I2C_CheckEvent                                    Libraries/STM32F4xx_StdPeriph_Driver/src/stm32f4xx_i2c.o
I2C_ClearFlag                                     Libraries/STM32F4xx_StdPeriph_Driver/src/stm32f4xx_i2c.o
I2C_ClearITPendingBit                             Libraries/STM32F4xx_StdPeriph_Driver/src/stm32f4xx_i2c.o
I2C_Cmd                                           Libraries/STM32F4xx_StdPeriph_Driver/src/stm32f4xx_i2c.o
I2C_DMACmd                                        Libraries/STM32F4xx_StdPeriph_Driver/src/stm32f4xx_i2c.o
I2C_DMALastTransferCmd                            Libraries/STM32F4xx_StdPeriph_Driver/src/stm32f4xx_i2c.o
I2C_DeInit                                        Libraries/STM32F4xx_StdPeriph_Driver/src/stm32f4xx_i2c.o
I2C_DigitalFilterConfig                           Libraries/STM32F4xx_StdPeriph_Driver/src/stm32f4xx_i2c.o
I2C_DualAddressCmd                                Libraries/STM32F4xx_StdPeriph_Driver/src/stm32f4xx_i2c.o
I2C_FastModeDutyCycleConfig                       Libraries/STM32F4xx_StdPeriph_Driver/src/stm32f4xx_i2c.o
I2C_GeneralCallCmd                                Libraries/STM32F4xx_StdPeriph_Driver/src/stm32f4xx_i2c.o
I2C_GenerateSTART                                 Libraries/STM32F4xx_StdPeriph_Driver/src/stm32f4xx_i2c.o
I2C_GenerateSTOP                                  Libraries/STM32F4xx_StdPeriph_Driver/src/stm32f4xx_i2c.o
I2C_GetFlagStatus                                 Libraries/STM32F4xx_StdPeriph_Driver/src/stm32f4xx_i2c.o
I2C_GetITStatus                                   Libraries/STM32F4xx_StdPeriph_Driver/src/stm32f4xx_i2c.o
I2C_GetLastEvent                                  Libraries/STM32F4xx_StdPeriph_Driver/src/stm32f4xx_i2c.o
I2C_GetPEC                                        Libraries/STM32F4xx_StdPeriph_Driver/src/stm32f4xx_i2c.o
I2C_ITConfig                                      Libraries/STM32F4xx_StdPeriph_Driver/src/stm32f4xx_i2c.o
I2C_Init                                          Libraries/STM32F4xx_StdPeriph_Driver/src/stm32f4xx_i2c.o
I2C_NACKPositionConfig                            Libraries/STM32F4xx_StdPeriph_Driver/src/stm32f4xx_i2c.o
I2C_OwnAddress2Config                             Libraries/STM32F4xx_StdPeriph_Driver/src/stm32f4xx_i2c.o
I2C_PECPositionConfig                             Libraries/STM32F4xx_StdPeriph_Driver/src/stm32f4xx_i2c.o
I2C_ReadRegister                                  Libraries/STM32F4xx_StdPeriph_Driver/src/stm32f4xx_i2c.o
I2C_ReceiveData                                   Libraries/STM32F4xx_StdPeriph_Driver/src/stm32f4xx_i2c.o
I2C_SMBusAlertConfig                              Libraries/STM32F4xx_StdPeriph_Driver/src/stm32f4xx_i2c.o
I2C_Send7bitAddress                               Libraries/STM32F4xx_StdPeriph_Driver/src/stm32f4xx_i2c.o
I2C_SendData                                      Libraries/STM32F4xx_StdPeriph_Driver/src/stm32f4xx_i2c.o
I2C_SoftwareResetCmd                              Libraries/STM32F4xx_StdPeriph_Driver/src/stm32f4xx_i2c.o
I2C_StretchClockCmd                               Libraries/STM32F4xx_StdPeriph_Driver/src/stm32f4xx_i2c.o
I2C_StructInit                                    Libraries/STM32F4xx_StdPeriph_Driver/src/stm32f4xx_i2c.o
I2C_TransmitPEC                                   Libraries/STM32F4xx_StdPeriph_Driver/src/stm32f4xx_i2c.o
I2S_Cmd                                           Libraries/STM32F4xx_StdPeriph_Driver/src/stm32f4xx_spi.o
I2S_FullDuplexConfig                              Libraries/STM32F4xx_StdPeriph_Driver/src/stm32f4xx_spi.o
I2S_Init                                          Libraries/STM32F4xx_StdPeriph_Driver/src/stm32f4xx_spi.o
I2S_StructInit                                    Libraries/STM32F4xx_StdPeriph_Driver/src/stm32f4xx_spi.o
IWDG_Enable                                       Libraries/STM32F4xx_StdPeriph_Driver/src/stm32f4xx_iwdg.o
IWDG_GetFlagStatus                                Libraries/STM32F4xx_StdPeriph_Driver/src/stm32f4xx_iwdg.o
IWDG_ReloadCounter                                Libraries/STM32F4xx_StdPeriph_Driver/src/stm32f4xx_iwdg.o
IWDG_SetPrescaler                                 Libraries/STM32F4xx_StdPeriph_Driver/src/stm32f4xx_iwdg.o
IWDG_SetReload                                    Libraries/STM32F4xx_StdPeriph_Driver/src/stm32f4xx_iwdg.o
IWDG_WriteAccessCmd                               Libraries/STM32F4xx_StdPeriph_Driver/src/stm32f4xx_iwdg.o
MemManage_Handler                                 src/stm32f4xx_it.o
                                                  src/startup_stm32f40xx.o
NMI_Handler                                       src/stm32f4xx_it.o
                                                  src/startup_stm32f40xx.o
NVIC_Init                                         Libraries/STM32F4xx_StdPeriph_Driver/src/misc.o
                                                  src/tasks/uart.o
                                                  src/tasks/interrupts.o
NVIC_PriorityGroupConfig                          Libraries/STM32F4xx_StdPeriph_Driver/src/misc.o
NVIC_SetVectorTable                               Libraries/STM32F4xx_StdPeriph_Driver/src/misc.o
NVIC_SystemLPConfig                               Libraries/STM32F4xx_StdPeriph_Driver/src/misc.o
OTG_FS_IRQHandler                                 src/startup_stm32f40xx.o
OTG_FS_WKUP_IRQHandler                            src/startup_stm32f40xx.o
OTG_HS_EP1_IN_IRQHandler                          src/startup_stm32f40xx.o
OTG_HS_EP1_OUT_IRQHandler                         src/startup_stm32f40xx.o
OTG_HS_IRQHandler                                 src/startup_stm32f40xx.o
OTG_HS_WKUP_IRQHandler                            src/startup_stm32f40xx.o
PVD_IRQHandler                                    src/startup_stm32f40xx.o
PWR_BackupAccessCmd                               Libraries/STM32F4xx_StdPeriph_Driver/src/stm32f4xx_pwr.o
PWR_BackupRegulatorCmd                            Libraries/STM32F4xx_StdPeriph_Driver/src/stm32f4xx_pwr.o
PWR_ClearFlag                                     Libraries/STM32F4xx_StdPeriph_Driver/src/stm32f4xx_pwr.o
PWR_DeInit                                        Libraries/STM32F4xx_StdPeriph_Driver/src/stm32f4xx_pwr.o
PWR_EnterSTANDBYMode                              Libraries/STM32F4xx_StdPeriph_Driver/src/stm32f4xx_pwr.o
PWR_EnterSTOPMode                                 Libraries/STM32F4xx_StdPeriph_Driver/src/stm32f4xx_pwr.o
PWR_FlashPowerDownCmd                             Libraries/STM32F4xx_StdPeriph_Driver/src/stm32f4xx_pwr.o
PWR_GetFlagStatus                                 Libraries/STM32F4xx_StdPeriph_Driver/src/stm32f4xx_pwr.o
PWR_MainRegulatorModeConfig                       Libraries/STM32F4xx_StdPeriph_Driver/src/stm32f4xx_pwr.o
PWR_PVDCmd                                        Libraries/STM32F4xx_StdPeriph_Driver/src/stm32f4xx_pwr.o
PWR_PVDLevelConfig                                Libraries/STM32F4xx_StdPeriph_Driver/src/stm32f4xx_pwr.o
PWR_WakeUpPinCmd                                  Libraries/STM32F4xx_StdPeriph_Driver/src/stm32f4xx_pwr.o
PendSV_Handler                                    src/stm32f4xx_it.o
                                                  src/startup_stm32f40xx.o
RCC_AHB1PeriphClockCmd                            Libraries/STM32F4xx_StdPeriph_Driver/src/stm32f4xx_rcc.o
                                                  src/tasks/uart.o
                                                  src/tasks/spi.o
                                                  src/tasks/interrupts.o
RCC_AHB1PeriphClockLPModeCmd                      Libraries/STM32F4xx_StdPeriph_Driver/src/stm32f4xx_rcc.o
RCC_AHB1PeriphResetCmd                            Libraries/STM32F4xx_StdPeriph_Driver/src/stm32f4xx_rcc.o
                                                  Libraries/STM32F4xx_StdPeriph_Driver/src/stm32f4xx_gpio.o