sensorio.c:75:6:sensor_on	40	static
sensorio.c:166:6:sensor_off	16	static
sensorio.c:181:9:stm32_sensor_rw	16	static
sensorio.c:199:9:rcvr_sensor	8	static
sensorio.c:207:9:rcvr_data	24	static
sensorio.c:234:22:rcvr_data_m	32	static
sensorio.c:265:22:xmit_data_c	24	static
sensorio.c:301:22:xmit_data	24	static
sensorio.c:329:6:release_sensor	8	static
sensorio.c:339:7:sensor_initialize	8	static
sensorio.c:366:6:sensor_deinitialize	8	static
sensorio.c:372:22:sensor_check_id	16	static
sensorio.c:395:23:sensor_configure	16	static
sensorio.c:516:22:accel_read	16	static
sensorio.c:525:22:gyro_read	16	static
sensorio.c:534:22:mag_read	16	static
