11:17:13 **** Incremental Build of configuration Debug for project DIMA_SensorBoard_Firmware ****
Info: Internal Builder is used for build
arm-atollic-eabi-gcc -c ../src/tasks/uart.c -mthumb -mcpu=cortex-m4 -mfloat-abi=hard -mfpu=fpv4-sp-d16 -std=gnu11 -DSTM32F4XX -DSTM32F40XX -DUSE_STDPERIPH_DRIVER -I../src -I../Libraries/CMSIS/Include -I../Libraries/Device/STM32F4xx/Include -I../Libraries/STM32F4xx_StdPeriph_Driver/inc -O0 -ffunction-sections -fdata-sections -g -fstack-usage -Wall -specs=nano.specs -o src/tasks/uart.o 
arm-atollic-eabi-gcc -c ../src/tasks/spi.c -mthumb -mcpu=cortex-m4 -mfloat-abi=hard -mfpu=fpv4-sp-d16 -std=gnu11 -DSTM32F4XX -DSTM32F40XX -DUSE_STDPERIPH_DRIVER -I../src -I../Libraries/CMSIS/Include -I../Libraries/Device/STM32F4xx/Include -I../Libraries/STM32F4xx_StdPeriph_Driver/inc -O0 -ffunction-sections -fdata-sections -g -fstack-usage -Wall -specs=nano.specs -o src/tasks/spi.o 
arm-atollic-eabi-gcc -o DIMA_SensorBoard_Firmware.elf Libraries/STM32F4xx_StdPeriph_Driver/src/misc.o Libraries/STM32F4xx_StdPeriph_Driver/src/stm32f4xx_adc.o Libraries/STM32F4xx_StdPeriph_Driver/src/stm32f4xx_can.o Libraries/STM32F4xx_StdPeriph_Driver/src/stm32f4xx_crc.o Libraries/STM32F4xx_StdPeriph_Driver/src/stm32f4xx_cryp.o Libraries/STM32F4xx_StdPeriph_Driver/src/stm32f4xx_cryp_aes.o Libraries/STM32F4xx_StdPeriph_Driver/src/stm32f4xx_cryp_des.o Libraries/STM32F4xx_StdPeriph_Driver/src/stm32f4xx_cryp_tdes.o Libraries/STM32F4xx_StdPeriph_Driver/src/stm32f4xx_dac.o Libraries/STM32F4xx_StdPeriph_Driver/src/stm32f4xx_dbgmcu.o Libraries/STM32F4xx_StdPeriph_Driver/src/stm32f4xx_dcmi.o Libraries/STM32F4xx_StdPeriph_Driver/src/stm32f4xx_dma.o Libraries/STM32F4xx_StdPeriph_Driver/src/stm32f4xx_exti.o Libraries/STM32F4xx_StdPeriph_Driver/src/stm32f4xx_flash.o Libraries/STM32F4xx_StdPeriph_Driver/src/stm32f4xx_fsmc.o Libraries/STM32F4xx_StdPeriph_Driver/src/stm32f4xx_gpio.o Libraries/STM32F4xx_StdPeriph_Driver/src/stm32f4xx_hash.o Libraries/STM32F4xx_StdPeriph_Driver/src/stm32f4xx_hash_md5.o Libraries/STM32F4xx_StdPeriph_Driver/src/stm32f4xx_hash_sha1.o Libraries/STM32F4xx_StdPeriph_Driver/src/stm32f4xx_i2c.o Libraries/STM32F4xx_StdPeriph_Driver/src/stm32f4xx_iwdg.o Libraries/STM32F4xx_StdPeriph_Driver/src/stm32f4xx_pwr.o Libraries/STM32F4xx_StdPeriph_Driver/src/stm32f4xx_rcc.o Libraries/STM32F4xx_StdPeriph_Driver/src/stm32f4xx_rng.o Libraries/STM32F4xx_StdPeriph_Driver/src/stm32f4xx_rtc.o Libraries/STM32F4xx_StdPeriph_Driver/src/stm32f4xx_sdio.o Libraries/STM32F4xx_StdPeriph_Driver/src/stm32f4xx_spi.o Libraries/STM32F4xx_StdPeriph_Driver/src/stm32f4xx_syscfg.o Libraries/STM32F4xx_StdPeriph_Driver/src/stm32f4xx_tim.o Libraries/STM32F4xx_StdPeriph_Driver/src/stm32f4xx_usart.o Libraries/STM32F4xx_StdPeriph_Driver/src/stm32f4xx_wwdg.o src/main.o src/startup_stm32f40xx.o src/stm32f4xx_it.o src/system_stm32f4xx.o src/tasks/spi.o src/tasks/uart.o src/tiny_printf.o -mthumb -mcpu=cortex-m4 -mfloat-abi=hard -mfpu=fpv4-sp-d16 -T../stm32f4_flash.ld -specs=nosys.specs -static -Wl,-cref,-u,Reset_Handler -Wl,-Map=DIMA_SensorBoard_Firmware.map -Wl,--gc-sections -Wl,--defsym=malloc_getpagesize_P=0x80 -Wl,--start-group -lc -lm -Wl,--end-group -specs=nano.specs 
/opt/Atollic_TrueSTUDIO_for_STM32_x86_64_9.0.0/ide/jre/bin/java -jar /opt/Atollic_TrueSTUDIO_for_STM32_x86_64_9.0.0/Tools/arm-atollic-reports.jar sizeinfo list DIMA_SensorBoard_Firmware.elf 
Generate build reports...
Print size information
   text	   data	    bss	    dec	    hex	filename
   1104	      8	   1052	   2164	    874	DIMA_SensorBoard_Firmware.elf
Print size information done
Generate listing file
Output sent to: DIMA_SensorBoard_Firmware.list
Generate listing file done
Generate build reports done

11:17:16 Build Finished (took 2s.726ms)

